################################################################################
#                                                                              #
#      IAR Universal Linker V6.5.1.95                                          #
#                                                                              #
#           Link time     =  11/Jul/2018  09:13:43                             #
#           Target CPU    =  MSP430                                            #
#           List file     =  C:\Users\Alex\IarBootloader\BootloaderFirmware\Ta #
#                            rget\G2553_UART\IAR\MSPBoot\BSLBased_UART\List\MS #
#                            PBoot.map                                         #
#           Output file 1 =  C:\Users\Alex\IarBootloader\BootloaderFirmware\Ta #
#                            rget\G2553_UART\IAR\MSPBoot\BSLBased_UART\Exe\MSP #
#                            Boot.txt                                          #
#                            Format: msp430_txt                                #
#           Output file 2 =  C:\Users\Alex\IarBootloader\BootloaderFirmware\Ta #
#                            rget\G2553_UART\IAR\MSPBoot\BSLBased_UART\Exe\MSP #
#                            Boot.d43                                          #
#                            Format: ubrof10                                   #
#                            UBROF version 10.0.6                              #
#                            Using library modules for C-SPY (-rt)             #
#           Command line  =  -f C:\Users\Alex\AppData\Local\Temp\EW112D.tmp    #
#                            (C:\Users\Alex\IarBootloader\BootloaderFirmware\T #
#                            arget\G2553_UART\IAR\MSPBoot\BSLBased_UART\Obj\Cr #
#                            c.r43                                             #
#                            C:\Users\Alex\IarBootloader\BootloaderFirmware\Ta #
#                            rget\G2553_UART\IAR\MSPBoot\BSLBased_UART\Obj\cst #
#                            artup.r43                                         #
#                            C:\Users\Alex\IarBootloader\BootloaderFirmware\Ta #
#                            rget\G2553_UART\IAR\MSPBoot\BSLBased_UART\Obj\mai #
#                            n.r43                                             #
#                            C:\Users\Alex\IarBootloader\BootloaderFirmware\Ta #
#                            rget\G2553_UART\IAR\MSPBoot\BSLBased_UART\Obj\TI_ #
#                            MSPBoot_AppMgr.r43                                #
#                            C:\Users\Alex\IarBootloader\BootloaderFirmware\Ta #
#                            rget\G2553_UART\IAR\MSPBoot\BSLBased_UART\Obj\TI_ #
#                            MSPBoot_CI_NWK_APP_BSL_UART.r43                   #
#                            C:\Users\Alex\IarBootloader\BootloaderFirmware\Ta #
#                            rget\G2553_UART\IAR\MSPBoot\BSLBased_UART\Obj\TI_ #
#                            MSPBoot_CI_PHYDL_USCI_UART.r43                    #
#                            C:\Users\Alex\IarBootloader\BootloaderFirmware\Ta #
#                            rget\G2553_UART\IAR\MSPBoot\BSLBased_UART\Obj\TI_ #
#                            MSPBoot_MI_Flash.r43                              #
#                            C:\Users\Alex\IarBootloader\BootloaderFirmware\Ta #
#                            rget\G2553_UART\IAR\MSPBoot\BSLBased_UART\Obj\TI_ #
#                            MSPBoot_VecRed_G2x53.r43                          #
#                            -o                                                #
#                            C:\Users\Alex\IarBootloader\BootloaderFirmware\Ta #
#                            rget\G2553_UART\IAR\MSPBoot\BSLBased_UART\Exe\MSP #
#                            Boot.d43                                          #
#                            -l                                                #
#                            C:\Users\Alex\IarBootloader\BootloaderFirmware\Ta #
#                            rget\G2553_UART\IAR\MSPBoot\BSLBased_UART\List\MS #
#                            PBoot.map                                         #
#                            -xmsn                                             #
#                            "-IC:\Program Files (x86)\IAR Systems\Embedded Wo #
#                            rkbench 8.0\430\LIB\"                             #
#                            -f                                                #
#                            C:\Users\Alex\IarBootloader\BootloaderFirmware\Ta #
#                            rget\G2553_UART\IAR\MSPBoot\CONFIG\lnk_msp430G255 #
#                            3_UART_1KB_Boot.xcl                               #
#                            (-D_FLASH_START=8000 -D_FLASH_END=FFFF            #
#                            -D_FLASH_VECTORS_START=FFE0                       #
#                            -D_FLASH_RESET_VECTOR=FFFE -D_RAM_START=200       #
#                            -D_RAM_END=5FF -D_BOOT_Start=FA00                 #
#                            -D_BOOT_APPVECTOR_SIZE=0                          #
#                            -D_BOOT_APPVECTOR=(_FLASH_VECTORS_START-_BOOT_APP #
#                            VECTOR_SIZE)                                      #
#                            -D_BOOT_End=(_FLASH_VECTORS_START-1)              #
#                            -D_BOOT_Info_Start=1000 -D_BOOT_Info_End=10BF     #
#                            -D__Boot_VectorTable=(_FLASH_VECTORS_START)       #
#                            -D_AppChecksum=_FLASH_START                       #
#                            -D_AppChecksum_8=(_FLASH_START+2)                 #
#                            -D_App_Start=(_FLASH_START+3)                     #
#                            -D_App_End=(_BOOT_Start-1)                        #
#                            -D_App_Reset_Vector=(_App_End-1)                  #
#                            -D_App_Proxy_Vector_Start=(_App_Reset_Vector-30)  #
#                            -D_App_Proxy_Vector_End=(_App_Reset_Vector-1)     #
#                            -D_CRC_Size=(_App_End-_App_Start+1)               #
#                            -D_BOOT_RAM_START=_RAM_START                      #
#                            -D_RAM_PASSWORD_ADDR=_RAM_START                   #
#                            -D_RAM_STATCTRL_ADDR=(_RAM_PASSWORD_ADDR+2)       #
#                            -D_RAM_CISM_ADDR=(_RAM_STATCTRL_ADDR+1)           #
#                            -D_RAM_CICALLBACK_ADDR=(_RAM_CISM_ADDR+1)         #
#                            -D_BOOT_RAM_END=(_RAM_CICALLBACK_ADDR+1)          #
#                            -D_STACK_SIZE=50 -D_DATA16_HEAP_SIZE=0            #
#                            -D_SHARED_RAM_START=(_BOOT_RAM_END+1)             #
#                            -D_SHARED_RAM_END=_RAM_END -cmsp430               #
#                            -QCODE_I=CODE_ID                                  #
#                            -Z(DATA)RAM_PASSWORD=_RAM_PASSWORD_ADDR           #
#                            -Z(DATA)RAM_STATCTRL=_RAM_STATCTRL_ADDR           #
#                            -Z(DATA)RAM_CISM=_RAM_CISM_ADDR                   #
#                            -Z(DATA)RAM_CICALLBACK=_RAM_CICALLBACK_ADDR       #
#                            -Z(DATA)DATA16_I,DATA16_Z,DATA16_N,TLS16_I,DATA16 #
#                            _HEAP+_DATA16_HEAP_SIZE=_SHARED_RAM_START-_SHARED #
#                            _RAM_END                                          #
#                            -Z(DATA)CODE_I -Z(DATA)CSTACK+_STACK_SIZE#        #
#                            -Z(CONST)BOOT_APP_VECTORS=0                       #
#                            -Z(CONST)DATA16_C,DATA16_ID,TLS16_ID,DIFUNCT,CHEC #
#                            KSUM=_BOOT_Start-_BOOT_End,_BOOT_Info_Start-_BOOT #
#                            _Info_End                                         #
#                            -Z(CODE)CSTART,ISR_CODE,CODE_ID=_BOOT_Start-_BOOT #
#                            _End,_BOOT_Info_Start-_BOOT_Info_End              #
#                            -P(CODE)CODE=_BOOT_Start-_BOOT_End,_BOOT_Info_Sta #
#                            rt-_BOOT_Info_End                                 #
#                            -Z(CONST)BOOT_VECTOR_TABLE=_FLASH_VECTORS_START-_ #
#                            FLASH_END                                         #
#                            -Z(CODE)INTVEC=_FLASH_VECTORS_START-_FLASH_END    #
#                            -Z(CODE)RESET=_FLASH_RESET_VECTOR-_FLASH_END)     #
#                            -rt                                               #
#                            "C:\Program Files (x86)\IAR Systems\Embedded Work #
#                            bench 8.0\430\lib\dlib\dl430fn.r43"               #
#                            -e_PrintfTiny=_Printf -e_ScanfSmall=_Scanf        #
#                            -Omsp430_txt=C:\Users\Alex\IarBootloader\Bootload #
#                            erFirmware\Target\G2553_UART\IAR\MSPBoot\BSLBased #
#                            _UART\Exe\MSPBoot.txt                             #
#                            -s __program_start)                               #
#                                                                              #
#                           Copyright (C) 1987-2016 IAR Systems AB.            #
################################################################################





                ****************************************
                *                                      *
                *           CROSS REFERENCE            *
                *                                      *
                ****************************************

       Program entry at :           FA06  Relocatable, from module : ?cstart




                ****************************************
                *                                      *
                *            RUNTIME MODEL             *
                *                                      *
                ****************************************

  __Heap_Handler             = Basic
  __SystemLibrary            = DLib
  __core                     = 430
  __dlib_file_descriptor     = 0
  __dlib_full_locale_support = 0
  __double_size              = 32
  __pic                      = no
  __reg_r4                   = free
  __reg_r5                   = free
  __rt_version               = 3

                ****************************************
                *                                      *
                *    AUTOMATIC SYMBOL REDIRECTIONS     *
                *                                      *
                ****************************************

                  There are no automatic symbol redirections.



                ****************************************
                *                                      *
                *              MODULE MAP              *
                *                                      *
                ****************************************


  DEFINED ABSOLUTE ENTRIES
    *************************************************************************

  DEFINED ABSOLUTE ENTRIES
  PROGRAM MODULE, NAME : ?ABS_ENTRY_MOD

Absolute parts
           ENTRY                   ADDRESS         REF BY
           =====                   =======         ======
           _SHARED_RAM_END         05FF 
           _SHARED_RAM_START       0206 
           _DATA16_HEAP_SIZE       0000 
           _STACK_SIZE             0050 
           _BOOT_RAM_END           0205 
           _RAM_CICALLBACK_ADDR    0204 
           _RAM_CISM_ADDR          0203 
           _RAM_STATCTRL_ADDR      0202 
           _RAM_PASSWORD_ADDR      0200 
           _BOOT_RAM_START         0200 
           _CRC_Size               79FD            TI_MSPBoot_AppMgr_ValidateApp (TI_MSPBoot_AppMgr)
           _App_Proxy_Vector_End   F9FD 
           _App_Proxy_Vector_Start
                                   F9CE            Vector_Table (TI_MSPBoot_VecRed_G2x53)
           _App_Reset_Vector       F9FE            main_boot (main)
           _App_End                F9FF            TI_MSPBoot_MI_EraseApp (TI_MSPBoot_MI_Flash)
                                                   TI_MSPBoot_MI_EraseSector (TI_MSPBoot_MI_Flash)
                                                   TI_MSPBoot_MI_WriteByte (TI_MSPBoot_MI_Flash)
           _App_Start              8003            TI_MSPBoot_AppMgr_ValidateApp (TI_MSPBoot_AppMgr)
           _AppChecksum_8          8002 
           _AppChecksum            8000            TI_MSPBoot_AppMgr_ValidateApp (TI_MSPBoot_AppMgr)
                                                   TI_MSPBoot_MI_EraseApp (TI_MSPBoot_MI_Flash)
                                                   TI_MSPBoot_MI_EraseSector (TI_MSPBoot_MI_Flash)
                                                   TI_MSPBoot_MI_WriteByte (TI_MSPBoot_MI_Flash)
           __Boot_VectorTable      FFE0 
           _BOOT_Info_End          10BF 
           _BOOT_Info_Start        1000 
           _BOOT_End               FFDF 
           _BOOT_APPVECTOR         FFE0 
           _BOOT_APPVECTOR_SIZE    0000 
           _BOOT_Start             FA00 
           _RAM_END                05FF 
           _RAM_START              0200 
           _FLASH_RESET_VECTOR     FFFE 
           _FLASH_VECTORS_START    FFE0 
           _FLASH_END              FFFF 
           _FLASH_START            8000 
    *************************************************************************

  FILE NAME : C:\Users\Alex\IarBootloader\BootloaderFirmware\Target\G2553_UART\IAR\MSPBoot\BSLBased_UART\Obj\Crc.r43
  PROGRAM MODULE, NAME : Crc

  SEGMENTS IN THE MODULE
  ======================
<CODE> 1 (was CODE)
  Relative segment, address: FCC8 - FCF9 (0x32 bytes), align: 1
  Segment part 2.
           ENTRY                   ADDRESS         REF BY
           =====                   =======         ======
           crc16MakeBitwise        FCC8            CI_NWK_Rx_Callback (TI_MSPBoot_CI_NWK_APP_BSL_UART)
                                                   TI_MSPBoot_AppMgr_ValidateApp (TI_MSPBoot_AppMgr)
               calls direct

    *************************************************************************

  FILE NAME : C:\Users\Alex\IarBootloader\BootloaderFirmware\Target\G2553_UART\IAR\MSPBoot\BSLBased_UART\Obj\cstartup.r43
  LIBRARY MODULE, NAME : ?cstart

  SEGMENTS IN THE MODULE
  ======================
CSTACK
  Relative segment, address: 05B0, align: 1
  Segment part 1.
    -------------------------------------------------------------------------
CSTART
  Relative segment, address: FA06 - FA09 (0x4 bytes), align: 1
  Segment part 9.
           ENTRY                   ADDRESS         REF BY
           =====                   =======         ======
           __program_start         FA06            ?reset_vector (?reset_vector)
                                                   Absolute parts (?ABS_ENTRY_MOD)
           ?cstart_begin           FA06 
    -------------------------------------------------------------------------
CSTART
  Relative segment, address: FA0A - FA0D (0x4 bytes), align: 1
  Segment part 17.            Intra module refs:   Segment part 9
           ENTRY                   ADDRESS         REF BY
           =====                   =======         ======
           ?cstart_call_main       FA0A 
           ?cstart_end             FA0E 

    -------------------------------------------------------------------------
  LIBRARY MODULE, NAME : ?reset_vector

  SEGMENTS IN THE MODULE
  ======================
RESET
  Relative segment, address: FFFE - FFFF (0x2 bytes), align: 1
  Segment part 0.
           ENTRY                   ADDRESS         REF BY
           =====                   =======         ======
           ?reset_vector           FFFE            Segment part 9 (?cstart)

    *************************************************************************

  FILE NAME : C:\Users\Alex\IarBootloader\BootloaderFirmware\Target\G2553_UART\IAR\MSPBoot\BSLBased_UART\Obj\main.r43
  PROGRAM MODULE, NAME : main

  SEGMENTS IN THE MODULE
  ======================
DATA16_AN
  Relative segment, address: 0002 - 0002 (0x1 bytes), align: 0
  Segment part 1. ROOT        Intra module refs:   main_boot
           ENTRY                   ADDRESS         REF BY
           =====                   =======         ======
           IFG1                    0002 
    -------------------------------------------------------------------------
DATA16_AN
  Relative segment, address: 01B0 - 01B1 (0x2 bytes), align: 0
  Segment part 2. ROOT        Intra module refs:   main_boot
           ENTRY                   ADDRESS         REF BY
           =====                   =======         ======
           ADC10CTL0               01B0 
    -------------------------------------------------------------------------
DATA16_AN
  Relative segment, address: 0056 - 0056 (0x1 bytes), align: 0
  Segment part 3. ROOT        Intra module refs:   main_boot
           ENTRY                   ADDRESS         REF BY
           =====                   =======         ======
           DCOCTL                  0056 
    -------------------------------------------------------------------------
DATA16_AN
  Relative segment, address: 0057 - 0057 (0x1 bytes), align: 0
  Segment part 4. ROOT        Intra module refs:   main_boot
           ENTRY                   ADDRESS         REF BY
           =====                   =======         ======
           BCSCTL1                 0057 
    -------------------------------------------------------------------------
DATA16_AN
  Relative segment, address: 0053 - 0053 (0x1 bytes), align: 0
  Segment part 5. ROOT        Intra module refs:   main_boot
           ENTRY                   ADDRESS         REF BY
           =====                   =======         ======
           BCSCTL3                 0053 
    -------------------------------------------------------------------------
DATA16_AN
  Relative segment, address: 0021 - 0021 (0x1 bytes), align: 0
  Segment part 6. ROOT        Intra module refs:   main_boot
           ENTRY                   ADDRESS         REF BY
           =====                   =======         ======
           P1OUT                   0021 
    -------------------------------------------------------------------------
DATA16_AN
  Relative segment, address: 0022 - 0022 (0x1 bytes), align: 0
  Segment part 7. ROOT        Intra module refs:   main_boot
           ENTRY                   ADDRESS         REF BY
           =====                   =======         ======
           P1DIR                   0022 
    -------------------------------------------------------------------------
DATA16_AN
  Relative segment, address: 0160 - 0161 (0x2 bytes), align: 0
  Segment part 8. ROOT        Intra module refs:   main_boot
           ENTRY                   ADDRESS         REF BY
           =====                   =======         ======
           TACTL                   0160 
    -------------------------------------------------------------------------
DATA16_AN
  Relative segment, address: 0120 - 0121 (0x2 bytes), align: 0
  Segment part 9. ROOT        Intra module refs:   TI_MSPBoot_AppMgr_JumpToApp (TI_MSPBoot_AppMgr)
                                                   TI_MSPBoot_MI_EraseApp (TI_MSPBoot_MI_Flash)
                                                   main_boot
           ENTRY                   ADDRESS         REF BY
           =====                   =======         ======
           WDTCTL                  0120 
    -------------------------------------------------------------------------
DATA16_AN
  Relative segment, address: 10FC - 10FC (0x1 bytes), align: 0
  Segment part 10. ROOT       Intra module refs:   main_boot
           ENTRY                   ADDRESS         REF BY
           =====                   =======         ======
           CALDCO_8MHZ             10FC 
    -------------------------------------------------------------------------
DATA16_AN
  Relative segment, address: 10FD - 10FD (0x1 bytes), align: 0
  Segment part 11. ROOT       Intra module refs:   main_boot
           ENTRY                   ADDRESS         REF BY
           =====                   =======         ======
           CALBC1_8MHZ             10FD 
    -------------------------------------------------------------------------
<CODE> 1 (was CODE)
  Relative segment, address: FBFC - FC53 (0x58 bytes), align: 1
  Segment part 13.
           ENTRY                   ADDRESS         REF BY
           =====                   =======         ======
           main_boot               FBFC            Segment part 17 (?cstart)
               calls direct and indirect

    *************************************************************************

  FILE NAME : C:\Users\Alex\IarBootloader\BootloaderFirmware\Target\G2553_UART\IAR\MSPBoot\BSLBased_UART\Obj\TI_MSPBoot_AppMgr.r43
  PROGRAM MODULE, NAME : TI_MSPBoot_AppMgr

  SEGMENTS IN THE MODULE
  ======================
RAM_PASSWORD
  Relative segment, address: 0200 - 0201 (0x2 bytes), align: 1
  Segment part 3.             Intra module refs:   TI_MSPBoot_AppMgr_ValidateApp
           ENTRY                   ADDRESS         REF BY
           =====                   =======         ======
           PassWd                  0200 
    -------------------------------------------------------------------------
RAM_STATCTRL
  Relative segment, address: 0202 - 0202 (0x1 bytes), align: 0
  Segment part 4.             Intra module refs:   TI_MSPBoot_AppMgr_ValidateApp
           ENTRY                   ADDRESS         REF BY
           =====                   =======         ======
           StatCtrl                0202 
    -------------------------------------------------------------------------
<CODE> 1 (was CODE)
  Relative segment, address: FC90 - FCC7 (0x38 bytes), align: 1
  Segment part 5.
           ENTRY                   ADDRESS         REF BY
           =====                   =======         ======
           TI_MSPBoot_AppMgr_ValidateApp
                                   FC90            main_boot (main)
               calls direct
    -------------------------------------------------------------------------
<CODE> 1 (was CODE)
  Relative segment, address: FD88 - FD8F (0x8 bytes), align: 1
  Segment part 6.
           ENTRY                   ADDRESS         REF BY
           =====                   =======         ======
           TI_MSPBoot_AppMgr_JumpToApp
                                   FD88            main_boot (main)

    *************************************************************************

  FILE NAME : C:\Users\Alex\IarBootloader\BootloaderFirmware\Target\G2553_UART\IAR\MSPBoot\BSLBased_UART\Obj\TI_MSPBoot_CI_NWK_APP_BSL_UART.r43
  PROGRAM MODULE, NAME : TI_MSPBoot_CI_NWK_APP_BSL_UART

  SEGMENTS IN THE MODULE
  ======================
DATA16_N
  Relative segment, address: 0208 - 0208 (0x1 bytes), align: 0
  Segment part 2.             Intra module refs:   CI_NWK_Rx_Callback
                                                   TI_MSPBoot_CI_Init
                                                   TI_MSPBoot_CI_Process
           ENTRY                   ADDRESS         REF BY
           =====                   =======         ======
           CommStatus              0208 
    -------------------------------------------------------------------------
DATA16_N
  Relative segment, address: 0209 - 0209 (0x1 bytes), align: 0
  Segment part 3.             Intra module refs:   CI_NWK_Rx_Callback
                                                   TI_MSPBoot_CI_Init
                                                   TI_MSPBoot_CI_Process
           ENTRY                   ADDRESS         REF BY
           =====                   =======         ======
           TxByte                  0209 
    -------------------------------------------------------------------------
DATA16_N
  Relative segment, address: 020A - 021C (0x13 bytes), align: 0
  Segment part 4.             Intra module refs:   CI_NWK_Rx_Callback
                                                   TI_MSPBoot_CI_Process
           ENTRY                   ADDRESS         REF BY
           =====                   =======         ======
           RxPacket                020A 
    -------------------------------------------------------------------------
DATA16_N
  Relative segment, address: 021D - 021D (0x1 bytes), align: 0
  Segment part 5.             Intra module refs:   CI_NWK_Rx_Callback
                                                   TI_MSPBoot_CI_Init
                                                   TI_MSPBoot_CI_Process
           LOCAL                   ADDRESS         
           =====                   =======         
           counter                 021D 
    -------------------------------------------------------------------------
DATA16_N
  Relative segment, address: 021E - 021E (0x1 bytes), align: 0
  Segment part 6.             Intra module refs:   CI_NWK_Rx_Callback
                                                   TI_MSPBoot_CI_Process
           LOCAL                   ADDRESS         
           =====                   =======         
           Len                     021E 
    -------------------------------------------------------------------------
DATA16_C
  Relative segment, address: FA00 - FA05 (0x6 bytes), align: 1
  Segment part 7.             Intra module refs:   TI_MSPBoot_CI_Init
           LOCAL                   ADDRESS         
           =====                   =======         
           CI_Callback_s           FA00 
    -------------------------------------------------------------------------
<CODE> 1 (was CODE)
  Relative segment, address: FD5C - FD71 (0x16 bytes), align: 1
  Segment part 9.
           ENTRY                   ADDRESS         REF BY
           =====                   =======         ======
           TI_MSPBoot_CI_Init      FD5C            main_boot (main)
               calls direct
    -------------------------------------------------------------------------
<CODE> 1 (was CODE)
  Relative segment, address: FCFA - FD2B (0x32 bytes), align: 1
  Segment part 11.
           ENTRY                   ADDRESS         REF BY
           =====                   =======         ======
           TI_MSPBoot_CI_Process   FCFA            main_boot (main)
               calls direct
    -------------------------------------------------------------------------
<CODE> 1 (was CODE)
  Relative segment, address: FB64 - FBFB (0x98 bytes), align: 1
  Segment part 10.            Intra module refs:   TI_MSPBoot_CI_Process
           ENTRY                   ADDRESS         REF BY
           =====                   =======         ======
           CI_CMD_Intepreter       FB64 
               calls direct
    -------------------------------------------------------------------------
<CODE> 1 (was CODE)
  Relative segment, address: FA0E - FAC7 (0xba bytes), align: 1
  Segment part 12.            Intra module refs:   CI_Callback_s
           LOCAL                   ADDRESS         
           =====                   =======         
           CI_NWK_Rx_Callback      FA0E 
               calls direct
    -------------------------------------------------------------------------
DATA16_N
  Relative segment, address: 0206 - 0207 (0x2 bytes), align: 1
  Segment part 8.             Intra module refs:   CI_NWK_Rx_Callback
           LOCAL                   ADDRESS         
           =====                   =======         
           CI_NWK_Rx_Callback::Checksum
                                   0206 

    *************************************************************************

  FILE NAME : C:\Users\Alex\IarBootloader\BootloaderFirmware\Target\G2553_UART\IAR\MSPBoot\BSLBased_UART\Obj\TI_MSPBoot_CI_PHYDL_USCI_UART.r43
  PROGRAM MODULE, NAME : TI_MSPBoot_CI_PHYDL_USCI_UART

  SEGMENTS IN THE MODULE
  ======================
DATA16_AN
  Relative segment, address: 0003 - 0003 (0x1 bytes), align: 0
  Segment part 1. ROOT        Intra module refs:   TI_MSPBoot_CI_PHYDL_Poll
                                                   TI_MSPBoot_CI_PHYDL_TXByte
           ENTRY                   ADDRESS         REF BY
           =====                   =======         ======
           IFG2                    0003 
    -------------------------------------------------------------------------
DATA16_AN
  Relative segment, address: 001B - 001B (0x1 bytes), align: 0
  Segment part 2. ROOT        Intra module refs:   TI_MSPBoot_CI_PHYDL_Init
           ENTRY                   ADDRESS         REF BY
           =====                   =======         ======
           P3SEL                   001B 
    -------------------------------------------------------------------------
DATA16_AN
  Relative segment, address: 0061 - 0061 (0x1 bytes), align: 0
  Segment part 3. ROOT        Intra module refs:   TI_MSPBoot_CI_PHYDL_Init
           ENTRY                   ADDRESS         REF BY
           =====                   =======         ======
           UCA0CTL1                0061 
    -------------------------------------------------------------------------
DATA16_AN
  Relative segment, address: 0062 - 0062 (0x1 bytes), align: 0
  Segment part 4. ROOT        Intra module refs:   TI_MSPBoot_CI_PHYDL_Init
           ENTRY                   ADDRESS         REF BY
           =====                   =======         ======
           UCA0BR0                 0062 
    -------------------------------------------------------------------------
DATA16_AN
  Relative segment, address: 0063 - 0063 (0x1 bytes), align: 0
  Segment part 5. ROOT        Intra module refs:   TI_MSPBoot_CI_PHYDL_Init
           ENTRY                   ADDRESS         REF BY
           =====                   =======         ======
           UCA0BR1                 0063 
    -------------------------------------------------------------------------
DATA16_AN
  Relative segment, address: 0064 - 0064 (0x1 bytes), align: 0
  Segment part 6. ROOT        Intra module refs:   TI_MSPBoot_CI_PHYDL_Init
           ENTRY                   ADDRESS         REF BY
           =====                   =======         ======
           UCA0MCTL                0064 
    -------------------------------------------------------------------------
DATA16_AN
  Relative segment, address: 0066 - 0066 (0x1 bytes), align: 0
  Segment part 7. ROOT        Intra module refs:   TI_MSPBoot_CI_PHYDL_Poll
           ENTRY                   ADDRESS         REF BY
           =====                   =======         ======
           UCA0RXBUF               0066 
    -------------------------------------------------------------------------
DATA16_AN
  Relative segment, address: 0067 - 0067 (0x1 bytes), align: 0
  Segment part 8. ROOT        Intra module refs:   TI_MSPBoot_CI_PHYDL_Poll
                                                   TI_MSPBoot_CI_PHYDL_TXByte
           ENTRY                   ADDRESS         REF BY
           =====                   =======         ======
           UCA0TXBUF               0067 
    -------------------------------------------------------------------------
RAM_CICALLBACK
  Relative segment, address: 0204 - 0205 (0x2 bytes), align: 1
  Segment part 10.            Intra module refs:   TI_MSPBoot_CI_PHYDL_Init
                                                   TI_MSPBoot_CI_PHYDL_Poll
           ENTRY                   ADDRESS         REF BY
           =====                   =======         ======
           CI_Callback_ptr         0204 
    -------------------------------------------------------------------------
RAM_CISM
  Relative segment, address: 0203 - 0203 (0x1 bytes), align: 0
  Segment part 11.            Intra module refs:   TI_MSPBoot_CI_PHYDL_Init
           ENTRY                   ADDRESS         REF BY
           =====                   =======         ======
           CI_State_Machine        0203 
    -------------------------------------------------------------------------
<CODE> 1 (was CODE)
  Relative segment, address: FD2C - FD5B (0x30 bytes), align: 1
  Segment part 12.
           ENTRY                   ADDRESS         REF BY
           =====                   =======         ======
           TI_MSPBoot_CI_PHYDL_Init
                                   FD2C            TI_MSPBoot_CI_Init (TI_MSPBoot_CI_NWK_APP_BSL_UART)
    -------------------------------------------------------------------------
<CODE> 1 (was CODE)
  Relative segment, address: FC54 - FC8F (0x3c bytes), align: 1
  Segment part 15.
           ENTRY                   ADDRESS         REF BY
           =====                   =======         ======
           TI_MSPBoot_CI_PHYDL_Poll
                                   FC54            main_boot (main)
               calls indirect
    -------------------------------------------------------------------------
<CODE> 1 (was CODE)
  Relative segment, address: FD72 - FD7D (0xc bytes), align: 1
  Segment part 16.
           ENTRY                   ADDRESS         REF BY
           =====                   =======         ======
           TI_MSPBoot_CI_PHYDL_TXByte
                                   FD72            CI_NWK_Rx_Callback (TI_MSPBoot_CI_NWK_APP_BSL_UART)
                                                   TI_MSPBoot_CI_Process (TI_MSPBoot_CI_NWK_APP_BSL_UART)

    *************************************************************************

  FILE NAME : C:\Users\Alex\IarBootloader\BootloaderFirmware\Target\G2553_UART\IAR\MSPBoot\BSLBased_UART\Obj\TI_MSPBoot_MI_Flash.r43
  PROGRAM MODULE, NAME : TI_MSPBoot_MI_Flash

  SEGMENTS IN THE MODULE
  ======================
DATA16_AN
  Relative segment, address: 0128 - 0129 (0x2 bytes), align: 0
  Segment part 1. ROOT        Intra module refs:   TI_MSPBoot_MI_EraseApp
                                                   TI_MSPBoot_MI_EraseSector
                                                   TI_MSPBoot_MI_WriteByte
           ENTRY                   ADDRESS         REF BY
           =====                   =======         ======
           FCTL1                   0128 
    -------------------------------------------------------------------------
DATA16_AN
  Relative segment, address: 012A - 012B (0x2 bytes), align: 0
  Segment part 2. ROOT        Intra module refs:   TI_MSPBoot_MI_EraseApp
                                                   TI_MSPBoot_MI_EraseSector
           ENTRY                   ADDRESS         REF BY
           =====                   =======         ======
           FCTL2                   012A 
    -------------------------------------------------------------------------
DATA16_AN
  Relative segment, address: 012C - 012D (0x2 bytes), align: 0
  Segment part 3. ROOT        Intra module refs:   TI_MSPBoot_MI_EraseApp
                                                   TI_MSPBoot_MI_EraseSector
                                                   TI_MSPBoot_MI_WriteByte
           ENTRY                   ADDRESS         REF BY
           =====                   =======         ======
           FCTL3                   012C 
    -------------------------------------------------------------------------
<CODE> 1 (was CODE)
  Relative segment, address: FAC8 - FAE1 (0x1a bytes), align: 1
  Segment part 6.
           ENTRY                   ADDRESS         REF BY
           =====                   =======         ======
           TI_MSPBoot_MI_EraseSector
                                   FAC8            CI_CMD_Intepreter (TI_MSPBoot_CI_NWK_APP_BSL_UART)
    -------------------------------------------------------------------------
<CODE> 1 (was CODE)
  Relative segment, address: FAE2 - FAE9 (0x8 bytes), align: 1
  Segment part 7.             Intra module refs:   TI_MSPBoot_MI_EraseSector
                                                   TI_MSPBoot_MI_WriteByte
           LOCAL                   ADDRESS         
           =====                   =======         
           ?Subroutine0            FAE2 
    -------------------------------------------------------------------------
<CODE> 1 (was CODE)
  Relative segment, address: FAEA - FB1D (0x34 bytes), align: 1
  Segment part 8.
           ENTRY                   ADDRESS         REF BY
           =====                   =======         ======
           TI_MSPBoot_MI_EraseApp
                                   FAEA            CI_CMD_Intepreter (TI_MSPBoot_CI_NWK_APP_BSL_UART)
    -------------------------------------------------------------------------
<CODE> 1 (was CODE)
  Relative segment, address: FB1E - FB2B (0xe bytes), align: 1
  Segment part 9.             Intra module refs:   ?Subroutine0
                                                   TI_MSPBoot_MI_EraseApp
           LOCAL                   ADDRESS         
           =====                   =======         
           ?Subroutine2            FB1E 
    -------------------------------------------------------------------------
<CODE> 1 (was CODE)
  Relative segment, address: FB2C - FB3F (0x14 bytes), align: 1
  Segment part 10.            Intra module refs:   TI_MSPBoot_MI_EraseApp
                                                   TI_MSPBoot_MI_EraseSector
           LOCAL                   ADDRESS         
           =====                   =======         
           ?Subroutine1            FB2C 
    -------------------------------------------------------------------------
<CODE> 1 (was CODE)
  Relative segment, address: FB40 - FB63 (0x24 bytes), align: 1
  Segment part 11.
           ENTRY                   ADDRESS         REF BY
           =====                   =======         ======
           TI_MSPBoot_MI_WriteByte
                                   FB40            CI_CMD_Intepreter (TI_MSPBoot_CI_NWK_APP_BSL_UART)

    *************************************************************************

  FILE NAME : C:\Users\Alex\IarBootloader\BootloaderFirmware\Target\G2553_UART\IAR\MSPBoot\BSLBased_UART\Obj\TI_MSPBoot_VecRed_G2x53.r43
  PROGRAM MODULE, NAME : TI_MSPBoot_VecRed_G2x53

  SEGMENTS IN THE MODULE
  ======================
BOOT_VECTOR_TABLE
  Relative segment, address: FFE0 - FFFD (0x1e bytes), align: 1
  Segment part 2. ROOT 
           ENTRY                   ADDRESS         REF BY
           =====                   =======         ======
           Vector_Table            FFE0 

    *************************************************************************

  FILE NAME : C:\Program Files (x86)\IAR Systems\Embedded Workbench 8.0\430\lib\dlib\dl430fn.r43
  LIBRARY MODULE, NAME : ?Epilogue

  SEGMENTS IN THE MODULE
  ======================
<CODE> 1 (was CODE)
  Relative segment, address: FD7E - FD7F (0x2 bytes), align: 1
  Segment part 4.
           ENTRY                   ADDRESS         REF BY
           =====                   =======         ======
           ?Epilogue4              FD7E            CI_CMD_Intepreter (TI_MSPBoot_CI_NWK_APP_BSL_UART)
    -------------------------------------------------------------------------
<CODE> 1 (was CODE)
  Relative segment, address: FD80 - FD87 (0x8 bytes), align: 1
  Segment part 5.             Intra module refs:   ?Epilogue4
           ENTRY                   ADDRESS         REF BY
           =====                   =======         ======
           ?Epilogue3              FD80            crc16MakeBitwise (Crc)




                ****************************************
                *                                      *
                *            MODULE SUMMARY            *
                *                                      *
                ****************************************

Module                           CODE      DATA      CONST
------                           ----      ----      -----
                                (Rel)  (Rel)  (Abs)  (Rel)
?Epilogue                          10
?cstart                             8
?reset_vector                       2
Crc                                50
TI_MSPBoot_AppMgr                  64      3
TI_MSPBoot_CI_NWK_APP_BSL_UART    410     25             6
TI_MSPBoot_CI_PHYDL_USCI_UART     120      3      8
TI_MSPBoot_MI_Flash               156             6
TI_MSPBoot_VecRed_G2x53                                 30
main                               88            12
  + shared                                        2
N/A (command line)                        80
N/A (alignment)
------                            ---    ---     --     --
Total:                            908    111     28     36


                ****************************************
                *                                      *
                *      SEGMENTS IN ADDRESS ORDER       *
                *                                      *
                ****************************************


SEGMENT              SPACE    START ADDRESS   END ADDRESS     SIZE  TYPE  ALIGN
=======              =====    =============   ===========     ====  ====  =====
DATA16_AN                              0002 - 0003               2   rel    0
                                       001B - 001B               1 
                                       0021 - 0022               2 
                                       0053 - 0053               1 
                                       0056 - 0057               2 
                                       0061 - 0064               4 
                                       0066 - 0067               2 
                                       0120 - 0121               2 
                                       0128 - 012D               6 
                                       0160 - 0161               2 
                                       01B0 - 01B1               2 
RAM_PASSWORD                           0200 - 0201               2   rel    1
RAM_STATCTRL                           0202 - 0202               1   rel    0
RAM_CISM                               0203 - 0203               1   rel    0
RAM_CICALLBACK                         0204 - 0205               2   rel    1
DATA16_I                                  0206                       dse    0
DATA16_Z                                  0206                       dse    0
DATA16_N                               0206 - 021E              19   rel    1
CSTACK                                 05B0 - 05FF              50   rel    1
DATA16_AN                              10FC - 10FD               2   rel    0
DATA16_C                               FA00 - FA05               6   rel    1
CSTART                                 FA06 - FA0D               8   rel    1
<CODE> 1                               FA0E - FD8F             382   rel    1
BOOT_VECTOR_TABLE                      FFE0 - FFFD              1E   rel    1
RESET                                  FFFE - FFFF               2   rel    1

                ****************************************
                *                                      *
                *        END OF CROSS REFERENCE        *
                *                                      *
                ****************************************

 908 bytes of CODE  memory
 111 bytes of DATA  memory (+ 28 absolute )
  36 bytes of CONST memory

Errors: none
Warnings: none

