################################################################################
#                                                                              #
#      IAR Universal Linker V6.5.1.95                                          #
#                                                                              #
#           Link time     =  12/Jul/2018  12:50:41                             #
#           Target CPU    =  MSP430                                            #
#           List file     =  C:\Users\Alex\IarBootloader\BootloaderFirmware\Ta #
#                            rget\G2553_UART\IAR\App1_MSPBoot\BSLBased_UART\Li #
#                            st\App1_MSPBoot.map                               #
#           Output file 1 =  C:\Users\Alex\IarBootloader\BootloaderFirmware\Ta #
#                            rget\G2553_UART\IAR\App1_MSPBoot\BSLBased_UART\Ex #
#                            e\App1_MSPBoot.txt                                #
#                            Format: msp430_txt                                #
#           Output file 2 =  C:\Users\Alex\IarBootloader\BootloaderFirmware\Ta #
#                            rget\G2553_UART\IAR\App1_MSPBoot\BSLBased_UART\Ex #
#                            e\App1_MSPBoot.d43                                #
#                            Format: ubrof10                                   #
#                            UBROF version 10.0.6                              #
#                            Using library modules for C-SPY (-rt)             #
#           Command line  =  -f C:\Users\Alex\AppData\Local\Temp\EW6722.tmp    #
#                            (C:\Users\Alex\IarBootloader\BootloaderFirmware\T #
#                            arget\G2553_UART\IAR\App1_MSPBoot\BSLBased_UART\O #
#                            bj\ADC10.r43                                      #
#                            C:\Users\Alex\IarBootloader\BootloaderFirmware\Ta #
#                            rget\G2553_UART\IAR\App1_MSPBoot\BSLBased_UART\Ob #
#                            j\ads1292.r43                                     #
#                            C:\Users\Alex\IarBootloader\BootloaderFirmware\Ta #
#                            rget\G2553_UART\IAR\App1_MSPBoot\BSLBased_UART\Ob #
#                            j\main.r43                                        #
#                            C:\Users\Alex\IarBootloader\BootloaderFirmware\Ta #
#                            rget\G2553_UART\IAR\App1_MSPBoot\BSLBased_UART\Ob #
#                            j\PacketUtil.r43                                  #
#                            C:\Users\Alex\IarBootloader\BootloaderFirmware\Ta #
#                            rget\G2553_UART\IAR\App1_MSPBoot\BSLBased_UART\Ob #
#                            j\rf.r43                                          #
#                            C:\Users\Alex\IarBootloader\BootloaderFirmware\Ta #
#                            rget\G2553_UART\IAR\App1_MSPBoot\BSLBased_UART\Ob #
#                            j\subroutine.r43                                  #
#                            C:\Users\Alex\IarBootloader\BootloaderFirmware\Ta #
#                            rget\G2553_UART\IAR\App1_MSPBoot\BSLBased_UART\Ob #
#                            j\TI_MSPBoot_Mgr_Vectors_G2553.r43                #
#                            -o                                                #
#                            C:\Users\Alex\IarBootloader\BootloaderFirmware\Ta #
#                            rget\G2553_UART\IAR\App1_MSPBoot\BSLBased_UART\Ex #
#                            e\App1_MSPBoot.d43                                #
#                            -l                                                #
#                            C:\Users\Alex\IarBootloader\BootloaderFirmware\Ta #
#                            rget\G2553_UART\IAR\App1_MSPBoot\BSLBased_UART\Li #
#                            st\App1_MSPBoot.map                               #
#                            -xmsni                                            #
#                            "-IC:\Program Files (x86)\IAR Systems\Embedded Wo #
#                            rkbench 8.0\430\LIB\"                             #
#                            -f                                                #
#                            C:\Users\Alex\IarBootloader\BootloaderFirmware\Ta #
#                            rget\G2553_UART\IAR\App1_MSPBoot\Config\lnk_msp43 #
#                            0G2553_UART_1KB_App.xcl                           #
#                            (-D_FLASH_START=8000 -D_FLASH_END=FFFF            #
#                            -D_FLASH_VECTORS_START=FFE0                       #
#                            -D_FLASH_RESET_VECTOR=FFFE -D_RAM_START=200       #
#                            -D_RAM_END=5FF -D_BOOT_Start=FA00                 #
#                            -D_BOOT_APPVECTOR_SIZE=0                          #
#                            -D_BOOT_APPVECTOR=(_FLASH_VECTORS_START-_BOOT_APP #
#                            VECTOR_SIZE)                                      #
#                            -D_BOOT_End=(_FLASH_VECTORS_START-1)              #
#                            -D_BOOT_Info_Start=1000 -D_BOOT_Info_End=10BF     #
#                            -D_AppChecksum=_FLASH_START                       #
#                            -D_AppChecksum_8=(_FLASH_START+2)                 #
#                            -D_App_Start=(_FLASH_START+3)                     #
#                            -D_App_End=(_BOOT_Start-1)                        #
#                            -D_App_Reset_Vector=(_App_End-1)                  #
#                            -D_App_Proxy_Vector_Start=(_App_Reset_Vector-30)  #
#                            -D_App_Proxy_Vector_End=(_App_Reset_Vector-1)     #
#                            -D_CRC_Size=(_App_End-_App_Start+1)               #
#                            -D_BOOT_RAM_START=_RAM_START                      #
#                            -D_RAM_PASSWORD_ADDR=_RAM_START                   #
#                            -D_RAM_STATCTRL_ADDR=(_RAM_PASSWORD_ADDR+2)       #
#                            -D_RAM_CISM_ADDR=(_RAM_STATCTRL_ADDR+1)           #
#                            -D_RAM_CICALLBACK_ADDR=(_RAM_CISM_ADDR+1)         #
#                            -D_BOOT_RAM_END=(_RAM_CICALLBACK_ADDR+1)          #
#                            -D_STACK_SIZE=50 -D_DATA16_HEAP_SIZE=0            #
#                            -D_SHARED_RAM_START=(_BOOT_RAM_END+1)             #
#                            -D_SHARED_RAM_END=_RAM_END -cmsp430               #
#                            -QCODE_I=CODE_ID                                  #
#                            -Z(DATA)RAM_PASSWORD=_RAM_PASSWORD_ADDR           #
#                            -Z(DATA)RAM_STATCTRL=_RAM_STATCTRL_ADDR           #
#                            -Z(DATA)RAM_CISM=_RAM_CISM_ADDR                   #
#                            -Z(DATA)RAM_CICALLBACK=_RAM_CICALLBACK_ADDR       #
#                            -Z(DATA)DATA16_I,DATA16_Z,DATA16_N,TLS16_I,DATA16 #
#                            _HEAP+_DATA16_HEAP_SIZE=_SHARED_RAM_START-_SHARED #
#                            _RAM_END                                          #
#                            -Z(DATA)CODE_I -Z(DATA)CSTACK+_STACK_SIZE#        #
#                            -Z(CONST)DATA16_C,DATA16_ID,TLS16_ID,DIFUNCT,CHEC #
#                            KSUM=_App_Start-_App_End                          #
#                            -Z(CONST)APP_PROXY_VECTORS=_App_Proxy_Vector_Star #
#                            t-_App_Proxy_Vector_End                           #
#                            -Z(CONST)APP16_Checksum=_AppChecksum-(_AppChecksu #
#                            m+1)                                              #
#                            -Z(CONST)APP16_Checksum_8=(_AppChecksum_8)        #
#                            -Z(CODE)CSTART,ISR_CODE,CODE_ID=_App_Start-_App_E #
#                            nd                                                #
#                            -P(CODE)CODE=_App_Start-_App_End                  #
#                            -Z(CODE)INTVEC=_App_Proxy_Vector_Start-_App_End   #
#                            -Z(CODE)RESET=_App_Reset_Vector-_App_End) -rt     #
#                            "C:\Program Files (x86)\IAR Systems\Embedded Work #
#                            bench 8.0\430\lib\dlib\dl430fn.r43"               #
#                            -e_PrintfLarge=_Printf -e_ScanfLarge=_Scanf       #
#                            -Omsp430_txt=C:\Users\Alex\IarBootloader\Bootload #
#                            erFirmware\Target\G2553_UART\IAR\App1_MSPBoot\BSL #
#                            Based_UART\Exe\App1_MSPBoot.txt                   #
#                            -s __program_start)                               #
#                                                                              #
#                           Copyright (C) 1987-2016 IAR Systems AB.            #
################################################################################





                ****************************************
                *                                      *
                *           CROSS REFERENCE            *
                *                                      *
                ****************************************

       Program entry at :           8070  Relocatable, from module : ?cstart




                ****************************************
                *                                      *
                *            RUNTIME MODEL             *
                *                                      *
                ****************************************

  __Heap_Handler             = Basic
  __SystemLibrary            = DLib
  __core                     = 430
  __dlib_file_descriptor     = 0
  __dlib_full_locale_support = 0
  __double_size              = 32
  __pic                      = no
  __reg_r4                   = free
  __reg_r5                   = free
  __rt_version               = 3

                ****************************************
                *                                      *
                *    AUTOMATIC SYMBOL REDIRECTIONS     *
                *                                      *
                ****************************************

                  There are no automatic symbol redirections.



                ****************************************
                *                                      *
                *              MODULE MAP              *
                *                                      *
                ****************************************


  DEFINED ABSOLUTE ENTRIES
    *************************************************************************

  DEFINED ABSOLUTE ENTRIES
  PROGRAM MODULE, NAME : ?ABS_ENTRY_MOD

Absolute parts
           ENTRY                   ADDRESS         REF BY
           =====                   =======         ======
           _SHARED_RAM_END         05FF 
           _SHARED_RAM_START       0206 
           _DATA16_HEAP_SIZE       0000 
           _STACK_SIZE             0050 
           _BOOT_RAM_END           0205 
           _RAM_CICALLBACK_ADDR    0204 
           _RAM_CISM_ADDR          0203 
           _RAM_STATCTRL_ADDR      0202 
           _RAM_PASSWORD_ADDR      0200 
           _BOOT_RAM_START         0200 
           _CRC_Size               79FD 
           _App_Proxy_Vector_End   F9FD 
           _App_Proxy_Vector_Start
                                   F9CE 
           _App_Reset_Vector       F9FE 
           _App_End                F9FF 
           _App_Start              8003 
           _AppChecksum_8          8002 
           _AppChecksum            8000 
           _BOOT_Info_End          10BF 
           _BOOT_Info_Start        1000 
           _BOOT_End               FFDF 
           _BOOT_APPVECTOR         FFE0 
           _BOOT_APPVECTOR_SIZE    0000 
           _BOOT_Start             FA00 
           _RAM_END                05FF 
           _RAM_START              0200 
           _FLASH_RESET_VECTOR     FFFE 
           _FLASH_VECTORS_START    FFE0 
           _FLASH_END              FFFF 
           _FLASH_START            8000 
    *************************************************************************

  FILE NAME : C:\Users\Alex\IarBootloader\BootloaderFirmware\Target\G2553_UART\IAR\App1_MSPBoot\BSLBased_UART\Obj\ADC10.r43
  PROGRAM MODULE, NAME : ADC10

  SEGMENTS IN THE MODULE
  ======================
DATA16_AN
  Relative segment, address: 0049 - 0049 (0x1 bytes), align: 0
  Segment part 1. ROOT        Intra module refs:   ADC10_Init
           ENTRY                   ADDRESS         REF BY
           =====                   =======         ======
           ADC10DTC1               0049 
    -------------------------------------------------------------------------
DATA16_AN
  Relative segment, address: 004A - 004A (0x1 bytes), align: 0
  Segment part 2. ROOT        Intra module refs:   ADC10_Init
           ENTRY                   ADDRESS         REF BY
           =====                   =======         ======
           ADC10AE0                004A 
    -------------------------------------------------------------------------
DATA16_AN
  Relative segment, address: 01B0 - 01B1 (0x2 bytes), align: 0
  Segment part 3. ROOT        Intra module refs:   ADC10_Init
                                                   ADC10_Measure
           ENTRY                   ADDRESS         REF BY
           =====                   =======         ======
           ADC10CTL0               01B0 
    -------------------------------------------------------------------------
DATA16_AN
  Relative segment, address: 01B2 - 01B3 (0x2 bytes), align: 0
  Segment part 4. ROOT        Intra module refs:   ADC10_Init
                                                   ADC10_Measure
           ENTRY                   ADDRESS         REF BY
           =====                   =======         ======
           ADC10CTL1               01B2 
    -------------------------------------------------------------------------
DATA16_AN
  Relative segment, address: 01BC - 01BD (0x2 bytes), align: 0
  Segment part 5. ROOT        Intra module refs:   ADC10_Measure
           ENTRY                   ADDRESS         REF BY
           =====                   =======         ======
           ADC10SA                 01BC 
    -------------------------------------------------------------------------
DATA16_AN
  Relative segment, address: 002E - 002E (0x1 bytes), align: 0
  Segment part 6. ROOT        Intra module refs:   ADC10_Init
           ENTRY                   ADDRESS         REF BY
           =====                   =======         ======
           P2SEL                   002E 
    -------------------------------------------------------------------------
DATA16_Z
  Relative segment, address: 021C - 0223 (0x8 bytes), align: 1
  Segment part 8.             Intra module refs:   ADC10_Measure
                                                   ADC10_Read_Data
           ENTRY                   ADDRESS         REF BY
           =====                   =======         ======
           ADC10_DMA_Data          021C 
    -------------------------------------------------------------------------
<CODE> 1 (was CODE)
  Relative segment, address: 8B36 - 8B7D (0x48 bytes), align: 1
  Segment part 9.
           ENTRY                   ADDRESS         REF BY
           =====                   =======         ======
           ADC10_Init              8B36            main (main)
    -------------------------------------------------------------------------
<CODE> 1 (was CODE)
  Relative segment, address: 8E40 - 8E57 (0x18 bytes), align: 1
  Segment part 10.
           ENTRY                   ADDRESS         REF BY
           =====                   =======         ======
           ADC10_Measure           8E40            P1_Isr (main)
                                                   Timer_A (main)
    -------------------------------------------------------------------------
<CODE> 1 (was CODE)
  Relative segment, address: 8C2C - 8C5F (0x34 bytes), align: 1
  Segment part 11.
           ENTRY                   ADDRESS         REF BY
           =====                   =======         ======
           ADC10_Read_Data         8C2C            P1_Isr (main)
                                                   Timer_A (main)
    -------------------------------------------------------------------------
CSTACK
  Segment part 7. NOT NEEDED.
    -------------------------------------------------------------------------
CODE
  Segment part 12. NOT NEEDED.
           ENTRY                   ADDRESS         REF BY
           =====                   =======         ======
           ?setjmp_save_r4         
    -------------------------------------------------------------------------
CODE
  Segment part 13. NOT NEEDED.
           ENTRY                   ADDRESS         REF BY
           =====                   =======         ======
           ?setjmp_save_r5         

    *************************************************************************

  FILE NAME : C:\Users\Alex\IarBootloader\BootloaderFirmware\Target\G2553_UART\IAR\App1_MSPBoot\BSLBased_UART\Obj\ads1292.r43
  PROGRAM MODULE, NAME : ads1292

  SEGMENTS IN THE MODULE
  ======================
DATA16_AN
  Relative segment, address: 0003 - 0003 (0x1 bytes), align: 0
  Segment part 1. ROOT        Intra module refs:   AFE_SPI_Exchange
                                                   startRFSending (rf)
           ENTRY                   ADDRESS         REF BY
           =====                   =======         ======
           IFG2                    0003 
    -------------------------------------------------------------------------
DATA16_AN
  Relative segment, address: 0023 - 0023 (0x1 bytes), align: 0
  Segment part 2. ROOT        Intra module refs:   AFE_Init
                                                   P1_Isr (main)
           ENTRY                   ADDRESS         REF BY
           =====                   =======         ======
           P1IFG                   0023 
    -------------------------------------------------------------------------
DATA16_AN
  Relative segment, address: 0024 - 0024 (0x1 bytes), align: 0
  Segment part 3. ROOT        Intra module refs:   AFE_Init
           ENTRY                   ADDRESS         REF BY
           =====                   =======         ======
           P1IES                   0024 
    -------------------------------------------------------------------------
DATA16_AN
  Relative segment, address: 0025 - 0025 (0x1 bytes), align: 0
  Segment part 4. ROOT        Intra module refs:   AFE_Init
           ENTRY                   ADDRESS         REF BY
           =====                   =======         ======
           P1IE                    0025 
    -------------------------------------------------------------------------
DATA16_AN
  Relative segment, address: 0027 - 0027 (0x1 bytes), align: 0
  Segment part 5. ROOT        Intra module refs:   AFE_Init
                                                   sys_init (subroutine)
           ENTRY                   ADDRESS         REF BY
           =====                   =======         ======
           P1REN                   0027 
    -------------------------------------------------------------------------
DATA16_AN
  Relative segment, address: 001A - 001A (0x1 bytes), align: 0
  Segment part 6. ROOT        Intra module refs:   AFE_Init
                                                   rf_init (rf)
                                                   sys_init (subroutine)
           ENTRY                   ADDRESS         REF BY
           =====                   =======         ======
           P3DIR                   001A 
    -------------------------------------------------------------------------
DATA16_AN
  Relative segment, address: 001B - 001B (0x1 bytes), align: 0
  Segment part 7. ROOT        Intra module refs:   AFE_Init
                                                   rf_init (rf)
           ENTRY                   ADDRESS         REF BY
           =====                   =======         ======
           P3SEL                   001B 
    -------------------------------------------------------------------------
DATA16_AN
  Relative segment, address: 001D - 001D (0x1 bytes), align: 0
  Segment part 8. ROOT        Intra module refs:   AFE_Cmd
                                                   AFE_Init
                                                   AFE_StartRecording
                                                   AFE_StopRecording
                                                   AFE_Write_Reg
                                                   Timer_A (main)
                                                   packetAddNewData (PacketUtil)
                                                   spiReadData
                                                   stopDigitalOutGenerator (PacketUtil)
                                                   sys_init (subroutine)
           ENTRY                   ADDRESS         REF BY
           =====                   =======         ======
           P4OUT                   001D 
    -------------------------------------------------------------------------
DATA16_AN
  Relative segment, address: 001E - 001E (0x1 bytes), align: 0
  Segment part 9. ROOT        Intra module refs:   AFE_Init
                                                   sys_init (subroutine)
           ENTRY                   ADDRESS         REF BY
           =====                   =======         ======
           P4DIR                   001E 
    -------------------------------------------------------------------------
DATA16_AN
  Relative segment, address: 0068 - 0068 (0x1 bytes), align: 0
  Segment part 10. ROOT       Intra module refs:   AFE_Init
           ENTRY                   ADDRESS         REF BY
           =====                   =======         ======
           UCB0CTL0                0068 
    -------------------------------------------------------------------------
DATA16_AN
  Relative segment, address: 0069 - 0069 (0x1 bytes), align: 0
  Segment part 11. ROOT       Intra module refs:   AFE_Init
           ENTRY                   ADDRESS         REF BY
           =====                   =======         ======
           UCB0CTL1                0069 
    -------------------------------------------------------------------------
DATA16_AN
  Relative segment, address: 006A - 006A (0x1 bytes), align: 0
  Segment part 12. ROOT       Intra module refs:   AFE_Init
           ENTRY                   ADDRESS         REF BY
           =====                   =======         ======
           UCB0BR0                 006A 
    -------------------------------------------------------------------------
DATA16_AN
  Relative segment, address: 006B - 006B (0x1 bytes), align: 0
  Segment part 13. ROOT       Intra module refs:   AFE_Init
           ENTRY                   ADDRESS         REF BY
           =====                   =======         ======
           UCB0BR1                 006B 
    -------------------------------------------------------------------------
DATA16_AN
  Relative segment, address: 006D - 006D (0x1 bytes), align: 0
  Segment part 14. ROOT       Intra module refs:   AFE_SPI_Exchange
           ENTRY                   ADDRESS         REF BY
           =====                   =======         ======
           UCB0STAT                006D 
    -------------------------------------------------------------------------
DATA16_AN
  Relative segment, address: 006E - 006E (0x1 bytes), align: 0
  Segment part 15. ROOT       Intra module refs:   AFE_SPI_Exchange
           ENTRY                   ADDRESS         REF BY
           =====                   =======         ======
           UCB0RXBUF               006E 
    -------------------------------------------------------------------------
DATA16_AN
  Relative segment, address: 006F - 006F (0x1 bytes), align: 0
  Segment part 16. ROOT       Intra module refs:   AFE_SPI_Exchange
           ENTRY                   ADDRESS         REF BY
           =====                   =======         ======
           UCB0TXBUF               006F 
    -------------------------------------------------------------------------
DATA16_Z
  Relative segment, address: 0306 - 030E (0x9 bytes), align: 0
  Segment part 18.            Intra module refs:   AFE_Read_Data
                                                   AFE_getLoffStatus
                                                   spiReadData
           ENTRY                   ADDRESS         REF BY
           =====                   =======         ======
           spiRxBuf                0306 
    -------------------------------------------------------------------------
DATA16_Z
  Relative segment, address: 0224 - 0225 (0x2 bytes), align: 1
  Segment part 19.            Intra module refs:   AFE_Read_Data
           ENTRY                   ADDRESS         REF BY
           =====                   =======         ======
           AFE_CharBuff            0224 
    -------------------------------------------------------------------------
DATA16_C
  Relative segment, address: 8003 - 800C (0xa bytes), align: 0
  Segment part 20.            Intra module refs:   AFE_Init
           ENTRY                   ADDRESS         REF BY
           =====                   =======         ======
           regValues               8003 
    -------------------------------------------------------------------------
<CODE> 1 (was CODE)
  Relative segment, address: 8862 - 8905 (0xa4 bytes), align: 1
  Segment part 24.
           ENTRY                   ADDRESS         REF BY
           =====                   =======         ======
           AFE_Init                8862            main (main)
               calls direct
    -------------------------------------------------------------------------
<CODE> 1 (was CODE)
  Relative segment, address: 8F2C - 8F33 (0x8 bytes), align: 1
  Segment part 25.
           ENTRY                   ADDRESS         REF BY
           =====                   =======         ======
           AFE_StartRecording      8F2C            startRecording (main)
    -------------------------------------------------------------------------
<CODE> 1 (was CODE)
  Relative segment, address: 8F34 - 8F3B (0x8 bytes), align: 1
  Segment part 26.
           ENTRY                   ADDRESS         REF BY
           =====                   =======         ======
           AFE_StopRecording       8F34            Timer_A (main)
                                                   stopRecording (main)
    -------------------------------------------------------------------------
<CODE> 1 (was CODE)
  Relative segment, address: 8E70 - 8E87 (0x18 bytes), align: 1
  Segment part 21.            Intra module refs:   AFE_Cmd
                                                   AFE_Write_Reg
                                                   spiReadData
           ENTRY                   ADDRESS         REF BY
           =====                   =======         ======
           AFE_SPI_Exchange        8E70 
    -------------------------------------------------------------------------
<CODE> 1 (was CODE)
  Relative segment, address: 8C90 - 8CBF (0x30 bytes), align: 1
  Segment part 27.            Intra module refs:   AFE_Read_Data
           ENTRY                   ADDRESS         REF BY
           =====                   =======         ======
           spiReadData             8C90 
               calls direct
    -------------------------------------------------------------------------
<CODE> 1 (was CODE)
  Relative segment, address: 8DB0 - 8DCF (0x20 bytes), align: 1
  Segment part 23.            Intra module refs:   AFE_Init
           ENTRY                   ADDRESS         REF BY
           =====                   =======         ======
           AFE_Cmd                 8DB0            onRF_MultiByteMessage (main)
               calls direct
    -------------------------------------------------------------------------
<CODE> 1 (was CODE)
  Relative segment, address: 8AEC - 8B35 (0x4a bytes), align: 1
  Segment part 22.            Intra module refs:   AFE_Init
           ENTRY                   ADDRESS         REF BY
           =====                   =======         ======
           AFE_Write_Reg           8AEC            onRF_MultiByteMessage (main)
               calls direct
    -------------------------------------------------------------------------
CODE
  Segment part 28. NOT NEEDED.
           ENTRY                   ADDRESS         REF BY
           =====                   =======         ======
           AFE_Read_Reg            
               calls direct
    -------------------------------------------------------------------------
<CODE> 1 (was CODE)
  Relative segment, address: 8906 - 8985 (0x80 bytes), align: 1
  Segment part 29.
           ENTRY                   ADDRESS         REF BY
           =====                   =======         ======
           AFE_Read_Data           8906            P1_Isr (main)
               calls direct
    -------------------------------------------------------------------------
<CODE> 1 (was CODE)
  Relative segment, address: 8E58 - 8E6F (0x18 bytes), align: 1
  Segment part 30.
           ENTRY                   ADDRESS         REF BY
           =====                   =======         ======
           AFE_getLoffStatus       8E58            P1_Isr (main)
    -------------------------------------------------------------------------
CSTACK
  Segment part 17. NOT NEEDED.
    -------------------------------------------------------------------------
CODE
  Segment part 31. TENTATIVE. Used definition from ADC10
           ENTRY                   ADDRESS         REF BY
           =====                   =======         ======
           ?setjmp_save_r4         
    -------------------------------------------------------------------------
CODE
  Segment part 32. TENTATIVE. Used definition from ADC10
           ENTRY                   ADDRESS         REF BY
           =====                   =======         ======
           ?setjmp_save_r5         

    *************************************************************************

  FILE NAME : C:\Users\Alex\IarBootloader\BootloaderFirmware\Target\G2553_UART\IAR\App1_MSPBoot\BSLBased_UART\Obj\main.r43
  PROGRAM MODULE, NAME : main

  SEGMENTS IN THE MODULE
  ======================
DATA16_AN
  Relative segment, address: 0020 - 0020 (0x1 bytes), align: 0
  Segment part 1. ROOT        Intra module refs:   Timer_A
           ENTRY                   ADDRESS         REF BY
           =====                   =======         ======
           P1IN                    0020 
    -------------------------------------------------------------------------
DATA16_AN
  Segment part 2. TENTATIVE. Used definition from ads1292
           ENTRY                   ADDRESS         REF BY
           =====                   =======         ======
           P1IFG                   
    -------------------------------------------------------------------------
DATA16_AN
  Relative segment, address: 0019 - 0019 (0x1 bytes), align: 0
  Segment part 3. ROOT        Intra module refs:   Timer_A
                                                   rf_init (rf)
                                                   rf_reset (rf)
                                                   sys_init (subroutine)
           ENTRY                   ADDRESS         REF BY
           =====                   =======         ======
           P3OUT                   0019 
    -------------------------------------------------------------------------
DATA16_AN
  Segment part 4. TENTATIVE. Used definition from ads1292
           ENTRY                   ADDRESS         REF BY
           =====                   =======         ======
           P4OUT                   
    -------------------------------------------------------------------------
DATA16_AN
  Relative segment, address: 0160 - 0161 (0x2 bytes), align: 0
  Segment part 5. ROOT        Intra module refs:   Timer_A
                                                   sys_init (subroutine)
           ENTRY                   ADDRESS         REF BY
           =====                   =======         ======
           TACTL                   0160 
    -------------------------------------------------------------------------
DATA16_AN
  Relative segment, address: 0172 - 0173 (0x2 bytes), align: 0
  Segment part 6. ROOT        Intra module refs:   Timer_A
                                                   main
                                                   sys_init (subroutine)
           ENTRY                   ADDRESS         REF BY
           =====                   =======         ======
           TACCR0                  0172 
    -------------------------------------------------------------------------
DATA16_Z
  Relative segment, address: 030F - 030F (0x1 bytes), align: 0
  Segment part 18.            Intra module refs:   P1_Isr
                                                   main
           ENTRY                   ADDRESS         REF BY
           =====                   =======         ======
           packetDataReady         030F 
    -------------------------------------------------------------------------
DATA16_Z
  Relative segment, address: 0310 - 0310 (0x1 bytes), align: 0
  Segment part 19.            Intra module refs:   Timer_A
                                                   startRecording
           ENTRY                   ADDRESS         REF BY
           =====                   =======         ======
           lowBatteryMessageAlreadySent
                                   0310 
    -------------------------------------------------------------------------
DATA16_Z
  Relative segment, address: 0311 - 0311 (0x1 bytes), align: 0
  Segment part 20.            Intra module refs:   Timer_A
                                                   addBatteryData
                                                   startRecording
           ENTRY                   ADDRESS         REF BY
           =====                   =======         ======
           shutDownCntr            0311 
    -------------------------------------------------------------------------
DATA16_Z
  Relative segment, address: 0312 - 0312 (0x1 bytes), align: 0
  Segment part 21.            Intra module refs:   Timer_A
                                                   onRF_MessageReceived
                                                   startRecording
                                                   stopRecording
           ENTRY                   ADDRESS         REF BY
           =====                   =======         ======
           pingCntr                0312 
    -------------------------------------------------------------------------
DATA16_Z
  Relative segment, address: 0313 - 0313 (0x1 bytes), align: 0
  Segment part 22.            Intra module refs:   Timer_A
           ENTRY                   ADDRESS         REF BY
           =====                   =======         ======
           rfResetCntr             0313 
    -------------------------------------------------------------------------
DATA16_I
  Relative segment, address: 0206 - 0207 (0x2 bytes), align: 1
  Segment part 23.            Intra module refs:   Timer_A
                                                   startRecording
                                                   stopRecording
           ENTRY                   ADDRESS         REF BY
           =====                   =======         ======
           powerUpCntr             0206 
    -------------------------------------------------------------------------
DATA16_Z
  Segment part 25. NOT NEEDED.
           ENTRY                   ADDRESS         REF BY
           =====                   =======         ======
           btnCntr                 
    -------------------------------------------------------------------------
DATA16_Z
  Relative segment, address: 0314 - 0314 (0x1 bytes), align: 0
  Segment part 26.            Intra module refs:   Timer_A
                                                   startRecording
                                                   stopRecording
           ENTRY                   ADDRESS         REF BY
           =====                   =======         ======
           isRecording             0314 
    -------------------------------------------------------------------------
DATA16_I
  Relative segment, address: 0208 - 0209 (0x2 bytes), align: 1
  Segment part 27.            Intra module refs:   addBatteryData
           ENTRY                   ADDRESS         REF BY
           =====                   =======         ======
           sumBatteryVoltage       0208 
    -------------------------------------------------------------------------
DATA16_Z
  Relative segment, address: 0315 - 0315 (0x1 bytes), align: 0
  Segment part 29.            Intra module refs:   addBatteryData
           ENTRY                   ADDRESS         REF BY
           =====                   =======         ======
           batteryCntr             0315 
    -------------------------------------------------------------------------
DATA16_Z
  Relative segment, address: 0226 - 0227 (0x2 bytes), align: 1
  Segment part 30.            Intra module refs:   Timer_A
                                                   onRF_MultiByteMessage
           ENTRY                   ADDRESS         REF BY
           =====                   =======         ======
           resetTimeout            0226 
    -------------------------------------------------------------------------
<CODE> 1 (was CODE)
  Relative segment, address: 89E6 - 8A41 (0x5c bytes), align: 1
  Segment part 35.
           ENTRY                   ADDRESS         REF BY
           =====                   =======         ======
           main                    89E6            Segment part 19 (?cstart)
               calls direct
    -------------------------------------------------------------------------
<CODE> 1 (was CODE)
  Relative segment, address: 879A - 8861 (0xc8 bytes), align: 1
  Segment part 34.            Intra module refs:   main
           ENTRY                   ADDRESS         REF BY
           =====                   =======         ======
           onRF_MessageReceived    879A 
               calls direct
    -------------------------------------------------------------------------
<CODE> 1 (was CODE)
  Relative segment, address: 824A - 83F5 (0x1ac bytes), align: 1
  Segment part 32.            Intra module refs:   onRF_MessageReceived
           ENTRY                   ADDRESS         REF BY
           =====                   =======         ======
           onRF_MultiByteMessage   824A 
               calls direct
    -------------------------------------------------------------------------
<CODE> 1 (was CODE)
  Relative segment, address: 8D6C - 8D8D (0x22 bytes), align: 1
  Segment part 31.            Intra module refs:   onRF_MessageReceived
                                                   onRF_MultiByteMessage
           ENTRY                   ADDRESS         REF BY
           =====                   =======         ======
           startRecording          8D6C 
               calls direct
    -------------------------------------------------------------------------
<CODE> 1 (was CODE)
  Relative segment, address: 8F0C - 8F1B (0x10 bytes), align: 1
  Segment part 33.            Intra module refs:   onRF_MessageReceived
           ENTRY                   ADDRESS         REF BY
           =====                   =======         ======
           stopRecording           8F0C 
               calls direct
    -------------------------------------------------------------------------
<CODE> 1 (was CODE)
  Relative segment, address: 8CEE - 8D19 (0x2c bytes), align: 1
  Segment part 36.            Intra module refs:   Timer_A
           ENTRY                   ADDRESS         REF BY
           =====                   =======         ======
           addBatteryData          8CEE 
    -------------------------------------------------------------------------
<CODE> 1 (was CODE)
  Relative segment, address: 8A9A - 8AEB (0x52 bytes), align: 1
  Segment part 37.
           ENTRY                   ADDRESS         REF BY
           =====                   =======         ======
           P1_Isr                  8A9A            ProxyVectorTable (TI_MSPBoot_Mgr_Vectors_G2553)
               interrupt function
               calls direct
    -------------------------------------------------------------------------
<CODE> 1 (was CODE)
  Relative segment, address: 8562 - 86A1 (0x140 bytes), align: 1
  Segment part 38.
           ENTRY                   ADDRESS         REF BY
           =====                   =======         ======
           Timer_A                 8562            ProxyVectorTable (TI_MSPBoot_Mgr_Vectors_G2553)
               interrupt function
               calls direct
    -------------------------------------------------------------------------
<CODE> 1 (was CODE)
  Relative segment, address: 8F4A - 8F4B (0x2 bytes), align: 1
  Segment part 39.
           ENTRY                   ADDRESS         REF BY
           =====                   =======         ======
           Dummy_Isr               8F4A            ProxyVectorTable (TI_MSPBoot_Mgr_Vectors_G2553)
               interrupt function
    -------------------------------------------------------------------------
CSTACK
  Segment part 7. NOT NEEDED.
    -------------------------------------------------------------------------
DATA16_ID
  Relative segment, address: 805A - 805B (0x2 bytes), align: 1
  Segment part 24.            Intra module refs:   powerUpCntr
    -------------------------------------------------------------------------
DATA16_ID
  Relative segment, address: 805C - 805D (0x2 bytes), align: 1
  Segment part 28.            Intra module refs:   sumBatteryVoltage
    -------------------------------------------------------------------------
CODE
  Segment part 40. TENTATIVE. Used definition from ADC10
           ENTRY                   ADDRESS         REF BY
           =====                   =======         ======
           ?setjmp_save_r4         
    -------------------------------------------------------------------------
CODE
  Segment part 41. TENTATIVE. Used definition from ADC10
           ENTRY                   ADDRESS         REF BY
           =====                   =======         ======
           ?setjmp_save_r5         
    -------------------------------------------------------------------------
DATA16_C
  Relative segment, address: 800D - 8012 (0x6 bytes), align: 0
  Segment part 8.             Intra module refs:   onRF_MessageReceived
    -------------------------------------------------------------------------
DATA16_C
  Relative segment, address: 8013 - 8018 (0x6 bytes), align: 0
  Segment part 9.             Intra module refs:   onRF_MessageReceived
    -------------------------------------------------------------------------
DATA16_C
  Relative segment, address: 8019 - 8020 (0x8 bytes), align: 0
  Segment part 10.            Intra module refs:   onRF_MessageReceived
    -------------------------------------------------------------------------
DATA16_C
  Relative segment, address: 8021 - 8028 (0x8 bytes), align: 0
  Segment part 11.            Intra module refs:   onRF_MessageReceived
    -------------------------------------------------------------------------
DATA16_C
  Relative segment, address: 8029 - 8030 (0x8 bytes), align: 0
  Segment part 12.            Intra module refs:   onRF_MessageReceived
    -------------------------------------------------------------------------
DATA16_C
  Relative segment, address: 8031 - 8038 (0x8 bytes), align: 0
  Segment part 13.            Intra module refs:   onRF_MessageReceived
    -------------------------------------------------------------------------
DATA16_C
  Relative segment, address: 8039 - 8040 (0x8 bytes), align: 0
  Segment part 14.            Intra module refs:   onRF_MultiByteMessage
    -------------------------------------------------------------------------
DATA16_C
  Relative segment, address: 8041 - 8048 (0x8 bytes), align: 0
  Segment part 15.            Intra module refs:   Timer_A
    -------------------------------------------------------------------------
DATA16_C
  Relative segment, address: 8049 - 8050 (0x8 bytes), align: 0
  Segment part 16.            Intra module refs:   Timer_A
    -------------------------------------------------------------------------
DATA16_C
  Relative segment, address: 8051 - 8058 (0x8 bytes), align: 0
  Segment part 17.            Intra module refs:   Timer_A

    *************************************************************************

  FILE NAME : C:\Users\Alex\IarBootloader\BootloaderFirmware\Target\G2553_UART\IAR\App1_MSPBoot\BSLBased_UART\Obj\PacketUtil.r43
  PROGRAM MODULE, NAME : PacketUtil

  SEGMENTS IN THE MODULE
  ======================
DATA16_AN
  Relative segment, address: 0028 - 0028 (0x1 bytes), align: 0
  Segment part 1. ROOT        Intra module refs:   packetAddNewData
           ENTRY                   ADDRESS         REF BY
           =====                   =======         ======
           P2IN                    0028 
    -------------------------------------------------------------------------
DATA16_AN
  Segment part 2. TENTATIVE. Used definition from ads1292
           ENTRY                   ADDRESS         REF BY
           =====                   =======         ======
           P4OUT                   
    -------------------------------------------------------------------------
DATA16_Z
  Relative segment, address: 0228 - 028B (0x64 bytes), align: 1
  Segment part 4.             Intra module refs:   Segment part 10
           ENTRY                   ADDRESS         REF BY
           =====                   =======         ======
           buf1                    0228 
    -------------------------------------------------------------------------
DATA16_Z
  Relative segment, address: 028C - 02EF (0x64 bytes), align: 1
  Segment part 5.             Intra module refs:   Segment part 12
           ENTRY                   ADDRESS         REF BY
           =====                   =======         ======
           buf2                    028C 
    -------------------------------------------------------------------------
DATA16_Z
  Relative segment, address: 02F0 - 02F1 (0x2 bytes), align: 1
  Segment part 6.             Intra module refs:   Segment part 22
           ENTRY                   ADDRESS         REF BY
           =====                   =======         ======
           analogIn1               02F0 
    -------------------------------------------------------------------------
DATA16_Z
  Relative segment, address: 02F2 - 02F3 (0x2 bytes), align: 1
  Segment part 7.             Intra module refs:   Segment part 24
           ENTRY                   ADDRESS         REF BY
           =====                   =======         ======
           analogIn2               02F2 
    -------------------------------------------------------------------------
DATA16_Z
  Relative segment, address: 02F4 - 02F5 (0x2 bytes), align: 1
  Segment part 8.             Intra module refs:   assemblePacket
                                                   packetUtilResetCounters
           ENTRY                   ADDRESS         REF BY
           =====                   =======         ======
           packet_cntr             02F4 
    -------------------------------------------------------------------------
DATA16_I
  Relative segment, address: 020A - 020B (0x2 bytes), align: 1
  Segment part 9.             Intra module refs:   packetAddNewData
           ENTRY                   ADDRESS         REF BY
           =====                   =======         ======
           add_buf                 020A 
    -------------------------------------------------------------------------
DATA16_I
  Relative segment, address: 020C - 020D (0x2 bytes), align: 1
  Segment part 11.            Intra module refs:   assemblePacket
                                                   packetAddNewData
           ENTRY                   ADDRESS         REF BY
           =====                   =======         ======
           packet_buf              020C            main (main)
    -------------------------------------------------------------------------
DATA16_I
  Relative segment, address: 0214 - 0219 (0x6 bytes), align: 0
  Segment part 13.            Intra module refs:   assemblePacket
                                                   measureBatteryVoltage
                                                   packetAddNewData
                                                   setAccelerometerMode
           ENTRY                   ADDRESS         REF BY
           =====                   =======         ======
           div                     0214            onRF_MultiByteMessage (main)
    -------------------------------------------------------------------------
DATA16_Z
  Relative segment, address: 0316 - 031B (0x6 bytes), align: 0
  Segment part 15.            Intra module refs:   packetAddNewData
                                                   packetUtilResetCounters
           ENTRY                   ADDRESS         REF BY
           =====                   =======         ======
           offsetCounter           0316 
    -------------------------------------------------------------------------
DATA16_Z
  Relative segment, address: 031C - 0321 (0x6 bytes), align: 0
  Segment part 16.            Intra module refs:   packetAddNewData
                                                   packetUtilResetCounters
           ENTRY                   ADDRESS         REF BY
           =====                   =======         ======
           sumCounter              031C 
    -------------------------------------------------------------------------
DATA16_Z
  Relative segment, address: 0322 - 0322 (0x1 bytes), align: 0
  Segment part 17.            Intra module refs:   assemblePacket
           ENTRY                   ADDRESS         REF BY
           =====                   =======         ======
           loffStatEnable          0322            onRF_MultiByteMessage (main)
    -------------------------------------------------------------------------
DATA16_Z
  Relative segment, address: 0323 - 0323 (0x1 bytes), align: 0
  Segment part 18.            Intra module refs:   assemblePacket
           ENTRY                   ADDRESS         REF BY
           =====                   =======         ======
           loffStat                0323            P1_Isr (main)
    -------------------------------------------------------------------------
DATA16_I
  Relative segment, address: 020E - 020F (0x2 bytes), align: 1
  Segment part 19.            Intra module refs:   assemblePacket
           ENTRY                   ADDRESS         REF BY
           =====                   =======         ======
           batteryVoltage          020E            Timer_A (main)
    -------------------------------------------------------------------------
DATA16_I
  Relative segment, address: 0210 - 0211 (0x2 bytes), align: 1
  Segment part 21.            Intra module refs:   packetAddNewData
           ENTRY                   ADDRESS         REF BY
           =====                   =======         ======
           analogInToWrite         0210 
    -------------------------------------------------------------------------
DATA16_I
  Relative segment, address: 0212 - 0213 (0x2 bytes), align: 1
  Segment part 23.            Intra module refs:   assemblePacket
                                                   packetAddNewData
           ENTRY                   ADDRESS         REF BY
           =====                   =======         ======
           analogInToRead          0212 
    -------------------------------------------------------------------------
DATA16_Z
  Relative segment, address: 0324 - 0324 (0x1 bytes), align: 0
  Segment part 25.            Intra module refs:   assemblePacket
                                                   packetAddNewData
           ENTRY                   ADDRESS         REF BY
           =====                   =======         ======
           analogInEnabled         0324            onRF_MultiByteMessage (main)
    -------------------------------------------------------------------------
DATA16_Z
  Relative segment, address: 02F6 - 02F7 (0x2 bytes), align: 1
  Segment part 26.            Intra module refs:   packetAddNewData
           ENTRY                   ADDRESS         REF BY
           =====                   =======         ======
           analogInBit             02F6 
    -------------------------------------------------------------------------
DATA16_Z
  Relative segment, address: 0325 - 0325 (0x1 bytes), align: 0
  Segment part 27.            Intra module refs:   packetAddNewData
                                                   stopDigitalOutGenerator
           ENTRY                   ADDRESS         REF BY
           =====                   =======         ======
           dOutEnabled             0325            onRF_MessageReceived (main)
                                                   onRF_MultiByteMessage (main)
    -------------------------------------------------------------------------
DATA16_Z
  Relative segment, address: 02F8 - 02F9 (0x2 bytes), align: 1
  Segment part 28.            Intra module refs:   packetAddNewData
           ENTRY                   ADDRESS         REF BY
           =====                   =======         ======
           dOutPeriod              02F8            onRF_MultiByteMessage (main)
    -------------------------------------------------------------------------
DATA16_Z
  Relative segment, address: 02FA - 02FB (0x2 bytes), align: 1
  Segment part 29.            Intra module refs:   packetAddNewData
           ENTRY                   ADDRESS         REF BY
           =====                   =======         ======
           dOutLength              02FA            onRF_MultiByteMessage (main)
    -------------------------------------------------------------------------
DATA16_Z
  Relative segment, address: 02FC - 02FD (0x2 bytes), align: 1
  Segment part 30.            Intra module refs:   packetAddNewData
           ENTRY                   ADDRESS         REF BY
           =====                   =======         ======
           dOutNumOfPeriods        02FC            onRF_MultiByteMessage (main)
    -------------------------------------------------------------------------
DATA16_Z
  Relative segment, address: 02FE - 02FF (0x2 bytes), align: 1
  Segment part 31.            Intra module refs:   packetAddNewData
                                                   packetUtilResetCounters
                                                   stopDigitalOutGenerator
           ENTRY                   ADDRESS         REF BY
           =====                   =======         ======
           dOutDrdyCounter         02FE 
    -------------------------------------------------------------------------
DATA16_Z
  Relative segment, address: 0300 - 0301 (0x2 bytes), align: 1
  Segment part 32.            Intra module refs:   packetAddNewData
                                                   packetUtilResetCounters
                                                   stopDigitalOutGenerator
           ENTRY                   ADDRESS         REF BY
           =====                   =======         ======
           dOutPeriodsCounter      0300 
    -------------------------------------------------------------------------
<CODE> 1 (was CODE)
  Relative segment, address: 8D1A - 8D43 (0x2a bytes), align: 1
  Segment part 33.
           ENTRY                   ADDRESS         REF BY
           =====                   =======         ======
           packetUtilResetCounters
                                   8D1A            startRecording (main)
               calls direct
    -------------------------------------------------------------------------
<CODE> 1 (was CODE)
  Relative segment, address: 8D8E - 8DAF (0x22 bytes), align: 1
  Segment part 34.
           ENTRY                   ADDRESS         REF BY
           =====                   =======         ======
           setAccelerometerMode    8D8E            onRF_MultiByteMessage (main)
    -------------------------------------------------------------------------
<CODE> 1 (was CODE)
  Relative segment, address: 8ED6 - 8EE7 (0x12 bytes), align: 1
  Segment part 35.
           ENTRY                   ADDRESS         REF BY
           =====                   =======         ======
           measureBatteryVoltage   8ED6            onRF_MultiByteMessage (main)
    -------------------------------------------------------------------------
<CODE> 1 (was CODE)
  Relative segment, address: 83F6 - 8561 (0x16c bytes), align: 1
  Segment part 37.
           ENTRY                   ADDRESS         REF BY
           =====                   =======         ======
           packetAddNewData        83F6            P1_Isr (main)
               calls direct
    -------------------------------------------------------------------------
<CODE> 1 (was CODE)
  Relative segment, address: 8E24 - 8E3F (0x1c bytes), align: 1
  Segment part 36.            Intra module refs:   packetAddNewData
           ENTRY                   ADDRESS         REF BY
           =====                   =======         ======
           stopDigitalOutGenerator
                                   8E24            onRF_MessageReceived (main)
    -------------------------------------------------------------------------
<CODE> 1 (was CODE)
  Relative segment, address: 8098 - 8249 (0x1b2 bytes), align: 1
  Segment part 38.
           ENTRY                   ADDRESS         REF BY
           =====                   =======         ======
           assemblePacket          8098            main (main)
               calls direct
    -------------------------------------------------------------------------
CSTACK
  Segment part 3. NOT NEEDED.
    -------------------------------------------------------------------------
DATA16_ID
  Relative segment, address: 805E - 805F (0x2 bytes), align: 1
  Segment part 10.            Intra module refs:   add_buf
    -------------------------------------------------------------------------
DATA16_ID
  Relative segment, address: 8060 - 8061 (0x2 bytes), align: 1
  Segment part 12.            Intra module refs:   packet_buf
    -------------------------------------------------------------------------
DATA16_ID
  Relative segment, address: 8068 - 806D (0x6 bytes), align: 0
  Segment part 14.            Intra module refs:   div
    -------------------------------------------------------------------------
DATA16_ID
  Relative segment, address: 8062 - 8063 (0x2 bytes), align: 1
  Segment part 20.            Intra module refs:   batteryVoltage
    -------------------------------------------------------------------------
DATA16_ID
  Relative segment, address: 8064 - 8065 (0x2 bytes), align: 1
  Segment part 22.            Intra module refs:   analogInToWrite
    -------------------------------------------------------------------------
DATA16_ID
  Relative segment, address: 8066 - 8067 (0x2 bytes), align: 1
  Segment part 24.            Intra module refs:   analogInToRead
    -------------------------------------------------------------------------
CODE
  Segment part 39. TENTATIVE. Used definition from ADC10
           ENTRY                   ADDRESS         REF BY
           =====                   =======         ======
           ?setjmp_save_r4         
    -------------------------------------------------------------------------
CODE
  Segment part 40. TENTATIVE. Used definition from ADC10
           ENTRY                   ADDRESS         REF BY
           =====                   =======         ======
           ?setjmp_save_r5         

    *************************************************************************

  FILE NAME : C:\Users\Alex\IarBootloader\BootloaderFirmware\Target\G2553_UART\IAR\App1_MSPBoot\BSLBased_UART\Obj\rf.r43
  PROGRAM MODULE, NAME : rf

  SEGMENTS IN THE MODULE
  ======================
DATA16_AN
  Relative segment, address: 0001 - 0001 (0x1 bytes), align: 0
  Segment part 1. ROOT        Intra module refs:   USCI0TX_ISR
                                                   rf_init
                                                   startRFSending
           ENTRY                   ADDRESS         REF BY
           =====                   =======         ======
           IE2                     0001 
    -------------------------------------------------------------------------
DATA16_AN
  Segment part 2. TENTATIVE. Used definition from ads1292
           ENTRY                   ADDRESS         REF BY
           =====                   =======         ======
           IFG2                    
    -------------------------------------------------------------------------
DATA16_AN
  Segment part 3. TENTATIVE. Used definition from main
           ENTRY                   ADDRESS         REF BY
           =====                   =======         ======
           P3OUT                   
    -------------------------------------------------------------------------
DATA16_AN
  Segment part 4. TENTATIVE. Used definition from ads1292
           ENTRY                   ADDRESS         REF BY
           =====                   =======         ======
           P3DIR                   
    -------------------------------------------------------------------------
DATA16_AN
  Segment part 5. TENTATIVE. Used definition from ads1292
           ENTRY                   ADDRESS         REF BY
           =====                   =======         ======
           P3SEL                   
    -------------------------------------------------------------------------
DATA16_AN
  Relative segment, address: 0061 - 0061 (0x1 bytes), align: 0
  Segment part 6. ROOT        Intra module refs:   rf_init
           ENTRY                   ADDRESS         REF BY
           =====                   =======         ======
           UCA0CTL1                0061 
    -------------------------------------------------------------------------
DATA16_AN
  Relative segment, address: 0062 - 0062 (0x1 bytes), align: 0
  Segment part 7. ROOT        Intra module refs:   rf_init
           ENTRY                   ADDRESS         REF BY
           =====                   =======         ======
           UCA0BR0                 0062 
    -------------------------------------------------------------------------
DATA16_AN
  Relative segment, address: 0063 - 0063 (0x1 bytes), align: 0
  Segment part 8. ROOT        Intra module refs:   rf_init
           ENTRY                   ADDRESS         REF BY
           =====                   =======         ======
           UCA0BR1                 0063 
    -------------------------------------------------------------------------
DATA16_AN
  Relative segment, address: 0064 - 0064 (0x1 bytes), align: 0
  Segment part 9. ROOT        Intra module refs:   rf_init
           ENTRY                   ADDRESS         REF BY
           =====                   =======         ======
           UCA0MCTL                0064 
    -------------------------------------------------------------------------
DATA16_AN
  Relative segment, address: 0066 - 0066 (0x1 bytes), align: 0
  Segment part 10. ROOT       Intra module refs:   USCI0RX_ISR
           ENTRY                   ADDRESS         REF BY
           =====                   =======         ======
           UCA0RXBUF               0066 
    -------------------------------------------------------------------------
DATA16_AN
  Relative segment, address: 0067 - 0067 (0x1 bytes), align: 0
  Segment part 11. ROOT       Intra module refs:   USCI0TX_ISR
                                                   startRFSending
           ENTRY                   ADDRESS         REF BY
           =====                   =======         ======
           UCA0TXBUF               0067 
    -------------------------------------------------------------------------
DATA16_Z
  Relative segment, address: 0326 - 0326 (0x1 bytes), align: 0
  Segment part 13.            Intra module refs:   USCI0RX_ISR
           ENTRY                   ADDRESS         REF BY
           =====                   =======         ======
           rf_rx_data_ready_fg     0326            main (main)
    -------------------------------------------------------------------------
DATA16_Z
  Relative segment, address: 0327 - 0362 (0x3c bytes), align: 0
  Segment part 14.            Intra module refs:   USCI0RX_ISR
           ENTRY                   ADDRESS         REF BY
           =====                   =======         ======
           rf_rx_buf               0327            onRF_MessageReceived (main)
                                                   onRF_MultiByteMessage (main)
    -------------------------------------------------------------------------
DATA16_Z
  Relative segment, address: 0363 - 0363 (0x1 bytes), align: 0
  Segment part 15.            Intra module refs:   USCI0RX_ISR
           ENTRY                   ADDRESS         REF BY
           =====                   =======         ======
           rf_rx_data_size         0363 
    -------------------------------------------------------------------------
DATA16_I
  Relative segment, address: 021A - 021A (0x1 bytes), align: 0
  Segment part 16.            Intra module refs:   rf_send
           ENTRY                   ADDRESS         REF BY
           =====                   =======         ======
           rfConStat               021A            Timer_A (main)
    -------------------------------------------------------------------------
DATA16_Z
  Relative segment, address: 0302 - 0303 (0x2 bytes), align: 1
  Segment part 18.            Intra module refs:   USCI0TX_ISR
                                                   rf_send
                                                   startRFSending
           ENTRY                   ADDRESS         REF BY
           =====                   =======         ======
           rf_tx_buf               0302 
    -------------------------------------------------------------------------
DATA16_Z
  Relative segment, address: 0364 - 0364 (0x1 bytes), align: 0
  Segment part 19.            Intra module refs:   USCI0TX_ISR
                                                   rf_send
           ENTRY                   ADDRESS         REF BY
           =====                   =======         ======
           rf_tx_buf_size          0364 
    -------------------------------------------------------------------------
DATA16_Z
  Relative segment, address: 0304 - 0305 (0x2 bytes), align: 1
  Segment part 20.            Intra module refs:   USCI0TX_ISR
                                                   rf_send
           ENTRY                   ADDRESS         REF BY
           =====                   =======         ======
           rf_tx_buf_1             0304 
    -------------------------------------------------------------------------
DATA16_Z
  Relative segment, address: 0365 - 0365 (0x1 bytes), align: 0
  Segment part 21.            Intra module refs:   USCI0TX_ISR
                                                   rf_send
           ENTRY                   ADDRESS         REF BY
           =====                   =======         ======
           rf_tx_buf_1_size        0365 
    -------------------------------------------------------------------------
DATA16_Z
  Relative segment, address: 0366 - 0366 (0x1 bytes), align: 0
  Segment part 22.            Intra module refs:   rf_send
           ENTRY                   ADDRESS         REF BY
           =====                   =======         ======
           rf_tx_fail_flag         0366            Timer_A (main)
    -------------------------------------------------------------------------
DATA16_Z
  Relative segment, address: 0367 - 0367 (0x1 bytes), align: 0
  Segment part 23.            Intra module refs:   USCI0TX_ISR
                                                   startRFSending
           ENTRY                   ADDRESS         REF BY
           =====                   =======         ======
           rf_tx_cntr              0367 
    -------------------------------------------------------------------------
DATA16_Z
  Relative segment, address: 0368 - 0368 (0x1 bytes), align: 0
  Segment part 24.            Intra module refs:   USCI0RX_ISR
                                                   rf_delete_unfinished_incoming_messages
           ENTRY                   ADDRESS         REF BY
           =====                   =======         ======
           rf_rx_cntr              0368 
    -------------------------------------------------------------------------
DATA16_Z
  Relative segment, address: 0369 - 0369 (0x1 bytes), align: 0
  Segment part 25.            Intra module refs:   USCI0RX_ISR
                                                   rf_delete_unfinished_incoming_messages
           ENTRY                   ADDRESS         REF BY
           =====                   =======         ======
           rf_incoming_message_timeout_cntr
                                   0369 
    -------------------------------------------------------------------------
<CODE> 1 (was CODE)
  Relative segment, address: 8DD0 - 8DEB (0x1c bytes), align: 1
  Segment part 26.            Intra module refs:   rf_init
           ENTRY                   ADDRESS         REF BY
           =====                   =======         ======
           rf_reset                8DD0 
    -------------------------------------------------------------------------
<CODE> 1 (was CODE)
  Relative segment, address: 8BF6 - 8C2B (0x36 bytes), align: 1
  Segment part 27.
           ENTRY                   ADDRESS         REF BY
           =====                   =======         ======
           rf_init                 8BF6            main (main)
               calls direct
    -------------------------------------------------------------------------
<CODE> 1 (was CODE)
  Relative segment, address: 8986 - 89E5 (0x60 bytes), align: 1
  Segment part 28.
           ENTRY                   ADDRESS         REF BY
           =====                   =======         ======
           USCI0RX_ISR             8986            ProxyVectorTable (TI_MSPBoot_Mgr_Vectors_G2553)
               interrupt function
    -------------------------------------------------------------------------
<CODE> 1 (was CODE)
  Relative segment, address: 8D44 - 8D6B (0x28 bytes), align: 1
  Segment part 29.            Intra module refs:   rf_send
           ENTRY                   ADDRESS         REF BY
           =====                   =======         ======
           startRFSending          8D44 
    -------------------------------------------------------------------------
<CODE> 1 (was CODE)
  Relative segment, address: 8A42 - 8A99 (0x58 bytes), align: 1
  Segment part 31.
           ENTRY                   ADDRESS         REF BY
           =====                   =======         ======
           USCI0TX_ISR             8A42            ProxyVectorTable (TI_MSPBoot_Mgr_Vectors_G2553)
               interrupt function
               calls direct
    -------------------------------------------------------------------------
<CODE> 1 (was CODE)
  Relative segment, address: 8C60 - 8C8F (0x30 bytes), align: 1
  Segment part 30.            Intra module refs:   USCI0TX_ISR
           ENTRY                   ADDRESS         REF BY
           =====                   =======         ======
           rf_send                 8C60            Timer_A (main)
                                                   main (main)
                                                   onRF_MessageReceived (main)
                                                   onRF_MultiByteMessage (main)
               calls direct
    -------------------------------------------------------------------------
<CODE> 1 (was CODE)
  Relative segment, address: 8E08 - 8E23 (0x1c bytes), align: 1
  Segment part 32.
           ENTRY                   ADDRESS         REF BY
           =====                   =======         ======
           rf_delete_unfinished_incoming_messages
                                   8E08            Timer_A (main)
    -------------------------------------------------------------------------
CSTACK
  Segment part 12. NOT NEEDED.
    -------------------------------------------------------------------------
DATA16_ID
  Relative segment, address: 806E - 806E (0x1 bytes), align: 0
  Segment part 17.            Intra module refs:   rfConStat
    -------------------------------------------------------------------------
CODE
  Segment part 33. TENTATIVE. Used definition from ADC10
           ENTRY                   ADDRESS         REF BY
           =====                   =======         ======
           ?setjmp_save_r4         
    -------------------------------------------------------------------------
CODE
  Segment part 34. TENTATIVE. Used definition from ADC10
           ENTRY                   ADDRESS         REF BY
           =====                   =======         ======
           ?setjmp_save_r5         

    *************************************************************************

  FILE NAME : C:\Users\Alex\IarBootloader\BootloaderFirmware\Target\G2553_UART\IAR\App1_MSPBoot\BSLBased_UART\Obj\subroutine.r43
  PROGRAM MODULE, NAME : subroutine

  SEGMENTS IN THE MODULE
  ======================
DATA16_AN
  Relative segment, address: 0002 - 0002 (0x1 bytes), align: 0
  Segment part 1. ROOT        Intra module refs:   sys_init
           ENTRY                   ADDRESS         REF BY
           =====                   =======         ======
           IFG1                    0002 
    -------------------------------------------------------------------------
DATA16_AN
  Relative segment, address: 0056 - 0056 (0x1 bytes), align: 0
  Segment part 2. ROOT        Intra module refs:   sys_init
           ENTRY                   ADDRESS         REF BY
           =====                   =======         ======
           DCOCTL                  0056 
    -------------------------------------------------------------------------
DATA16_AN
  Relative segment, address: 0057 - 0057 (0x1 bytes), align: 0
  Segment part 3. ROOT        Intra module refs:   sys_init
           ENTRY                   ADDRESS         REF BY
           =====                   =======         ======
           BCSCTL1                 0057 
    -------------------------------------------------------------------------
DATA16_AN
  Relative segment, address: 0058 - 0058 (0x1 bytes), align: 0
  Segment part 4. ROOT        Intra module refs:   sys_init
           ENTRY                   ADDRESS         REF BY
           =====                   =======         ======
           BCSCTL2                 0058 
    -------------------------------------------------------------------------
DATA16_AN
  Relative segment, address: 0053 - 0053 (0x1 bytes), align: 0
  Segment part 5. ROOT        Intra module refs:   sys_init
           ENTRY                   ADDRESS         REF BY
           =====                   =======         ======
           BCSCTL3                 0053 
    -------------------------------------------------------------------------
DATA16_AN
  Relative segment, address: 0021 - 0021 (0x1 bytes), align: 0
  Segment part 6. ROOT        Intra module refs:   led
                                                   sys_init
           ENTRY                   ADDRESS         REF BY
           =====                   =======         ======
           P1OUT                   0021 
    -------------------------------------------------------------------------
DATA16_AN
  Relative segment, address: 0022 - 0022 (0x1 bytes), align: 0
  Segment part 7. ROOT        Intra module refs:   sys_init
           ENTRY                   ADDRESS         REF BY
           =====                   =======         ======
           P1DIR                   0022 
    -------------------------------------------------------------------------
DATA16_AN
  Relative segment, address: 0026 - 0026 (0x1 bytes), align: 0
  Segment part 8. ROOT        Intra module refs:   sys_init
           ENTRY                   ADDRESS         REF BY
           =====                   =======         ======
           P1SEL                   0026 
    -------------------------------------------------------------------------
DATA16_AN
  Segment part 9. TENTATIVE. Used definition from ads1292
           ENTRY                   ADDRESS         REF BY
           =====                   =======         ======
           P1REN                   
    -------------------------------------------------------------------------
DATA16_AN
  Relative segment, address: 0029 - 0029 (0x1 bytes), align: 0
  Segment part 10. ROOT       Intra module refs:   sys_init
           ENTRY                   ADDRESS         REF BY
           =====                   =======         ======
           P2OUT                   0029 
    -------------------------------------------------------------------------
DATA16_AN
  Relative segment, address: 002A - 002A (0x1 bytes), align: 0
  Segment part 11. ROOT       Intra module refs:   sys_init
           ENTRY                   ADDRESS         REF BY
           =====                   =======         ======
           P2DIR                   002A 
    -------------------------------------------------------------------------
DATA16_AN
  Relative segment, address: 002F - 002F (0x1 bytes), align: 0
  Segment part 12. ROOT       Intra module refs:   sys_init
           ENTRY                   ADDRESS         REF BY
           =====                   =======         ======
           P2REN                   002F 
    -------------------------------------------------------------------------
DATA16_AN
  Segment part 13. TENTATIVE. Used definition from main
           ENTRY                   ADDRESS         REF BY
           =====                   =======         ======
           P3OUT                   
    -------------------------------------------------------------------------
DATA16_AN
  Segment part 14. TENTATIVE. Used definition from ads1292
           ENTRY                   ADDRESS         REF BY
           =====                   =======         ======
           P3DIR                   
    -------------------------------------------------------------------------
DATA16_AN
  Segment part 15. TENTATIVE. Used definition from ads1292
           ENTRY                   ADDRESS         REF BY
           =====                   =======         ======
           P4OUT                   
    -------------------------------------------------------------------------
DATA16_AN
  Segment part 16. TENTATIVE. Used definition from ads1292
           ENTRY                   ADDRESS         REF BY
           =====                   =======         ======
           P4DIR                   
    -------------------------------------------------------------------------
DATA16_AN
  Segment part 17. TENTATIVE. Used definition from main
           ENTRY                   ADDRESS         REF BY
           =====                   =======         ======
           TACTL                   
[...]
  LIBRARY MODULE, NAME : ?exit

  SEGMENTS IN THE MODULE
  ======================
<CODE> 1 (was CODE)
  Relative segment, address: 8F44 - 8F47 (0x4 bytes), align: 1
  Segment part 2.
           ENTRY                   ADDRESS         REF BY
           =====                   =======         ======
           exit                    8F44            Segment part 19 (?cstart)
               calls direct
    -------------------------------------------------------------------------
CSTACK
  Segment part 1. NOT NEEDED.

    -------------------------------------------------------------------------
  LIBRARY MODULE, NAME : ?FrwpInit

  SEGMENTS IN THE MODULE
  ======================
FRWP_B1
  Segment part 0. NOT NEEDED.
    -------------------------------------------------------------------------
FRWP_B2
  Segment part 1. NOT NEEDED.
    -------------------------------------------------------------------------
CODE
  Segment part 2. NOT NEEDED.
           ENTRY                   ADDRESS         REF BY
           =====                   =======         ======
           __iar_430_frwp_init     
    -------------------------------------------------------------------------
FRWP_B1
  Segment part 3. NOT NEEDED.
    -------------------------------------------------------------------------
FRWP_B2
  Segment part 4. NOT NEEDED.

    -------------------------------------------------------------------------
  LIBRARY MODULE, NAME : ?malloc

  SEGMENTS IN THE MODULE
  ======================
CODE
  Segment part 2. NOT NEEDED.
           ENTRY                   ADDRESS         REF BY
           =====                   =======         ======
           malloc                  
               calls direct
    -------------------------------------------------------------------------
CSTACK
  Segment part 1. NOT NEEDED.

    -------------------------------------------------------------------------
  LIBRARY MODULE, NAME : ?Mul816

  SEGMENTS IN THE MODULE
  ======================
CODE
  Segment part 0. NOT NEEDED.
           ENTRY                   ADDRESS         REF BY
           =====                   =======         ======
           ?Mul8                   
    -------------------------------------------------------------------------
<CODE> 1 (was CODE)
  Relative segment, address: 8CC0 - 8CED (0x2e bytes), align: 1
  Segment part 1.
           ENTRY                   ADDRESS         REF BY
           =====                   =======         ======
           ?Mul16                  8CC0            packetAddNewData (PacketUtil)
           ?Mul16to32u             8CC0 

    -------------------------------------------------------------------------
  LIBRARY MODULE, NAME : ?DivMod816u

  SEGMENTS IN THE MODULE
  ======================
<CODE> 1 (was CODE)
  Relative segment, address: 8DEC - 8DEF (0x4 bytes), align: 1
  Segment part 0.
           ENTRY                   ADDRESS         REF BY
           =====                   =======         ======
           ?DivMod8u               8DEC            assemblePacket (PacketUtil)
                                                   packetAddNewData (PacketUtil)
    -------------------------------------------------------------------------
<CODE> 1 (was CODE)
  Relative segment, address: 8DF0 - 8E07 (0x18 bytes), align: 1
  Segment part 1.             Intra module refs:   ?DivMod8u
           ENTRY                   ADDRESS         REF BY
           =====                   =======         ======
           ?DivMod16u              8DF0 

    -------------------------------------------------------------------------
  LIBRARY MODULE, NAME : ?DivMod32u

  SEGMENTS IN THE MODULE
  ======================
<CODE> 1 (was CODE)
  Relative segment, address: 8BBE - 8BF5 (0x38 bytes), align: 1
  Segment part 0.
           ENTRY                   ADDRESS         REF BY
           =====                   =======         ======
           ?DivMod32u              8BBE            ?DivMod32s (?DivMod32s)

    -------------------------------------------------------------------------
  LIBRARY MODULE, NAME : ?DivMod32s

  SEGMENTS IN THE MODULE
  ======================
<CODE> 1 (was CODE)
  Relative segment, address: 8B7E - 8BBD (0x40 bytes), align: 1
  Segment part 0.
           ENTRY                   ADDRESS         REF BY
           =====                   =======         ======
           ?DivMod32s              8B7E            assemblePacket (PacketUtil)

    -------------------------------------------------------------------------
  LIBRARY MODULE, NAME : ?memcpy

  SEGMENTS IN THE MODULE
  ======================
<CODE> 1 (was CODE)
  Relative segment, address: 8EE8 - 8EF9 (0x12 bytes), align: 1
  Segment part 2.
           ENTRY                   ADDRESS         REF BY
           =====                   =======         ======
           memcpy                  8EE8            __data16_memcpy (?memzero)
    -------------------------------------------------------------------------
CSTACK
  Segment part 1. NOT NEEDED.

    -------------------------------------------------------------------------
  LIBRARY MODULE, NAME : ?memmove

  SEGMENTS IN THE MODULE
  ======================
CODE
  Segment part 2. NOT NEEDED.
           ENTRY                   ADDRESS         REF BY
           =====                   =======         ======
           memmove                 
    -------------------------------------------------------------------------
CSTACK
  Segment part 1. NOT NEEDED.

    -------------------------------------------------------------------------
  LIBRARY MODULE, NAME : ?memset

  SEGMENTS IN THE MODULE
  ======================
<CODE> 1 (was CODE)
  Relative segment, address: 8EB2 - 8EC3 (0x12 bytes), align: 1
  Segment part 2.
           ENTRY                   ADDRESS         REF BY
           =====                   =======         ======
           memset                  8EB2            packetUtilResetCounters (PacketUtil)
    -------------------------------------------------------------------------
CSTACK
  Segment part 1. NOT NEEDED.

    -------------------------------------------------------------------------
  LIBRARY MODULE, NAME : ?memzero

  SEGMENTS IN THE MODULE
  ======================
<CODE> 1 (was CODE)
  Relative segment, address: 8F1C - 8F2B (0x10 bytes), align: 1
  Segment part 2.
           ENTRY                   ADDRESS         REF BY
           =====                   =======         ======
           __data16_memzero        8F1C            ?cstart_init_zero (?cstart)
    -------------------------------------------------------------------------
<CODE> 1 (was CODE)
  Relative segment, address: 8F3C - 8F3F (0x4 bytes), align: 1
  Segment part 3.
           ENTRY                   ADDRESS         REF BY
           =====                   =======         ======
           __data16_memcpy         8F3C            ?cstart_init_copy (?cstart)
               calls direct
    -------------------------------------------------------------------------
CODE
  Segment part 4. NOT NEEDED.
           ENTRY                   ADDRESS         REF BY
           =====                   =======         ======
           __data16_memmove        
               calls direct
    -------------------------------------------------------------------------
CSTACK
  Segment part 1. NOT NEEDED.

    -------------------------------------------------------------------------
  LIBRARY MODULE, NAME : ?MpuInit

  SEGMENTS IN THE MODULE
  ======================
MPU_B1
  Segment part 0. NOT NEEDED.
    -------------------------------------------------------------------------
MPU_B2
  Segment part 1. NOT NEEDED.
    -------------------------------------------------------------------------
CODE
  Segment part 2. NOT NEEDED.
           ENTRY                   ADDRESS         REF BY
           =====                   =======         ======
           __iar_430_mpu_init      
    -------------------------------------------------------------------------
CODE
  Segment part 3. NOT NEEDED.
           ENTRY                   ADDRESS         REF BY
           =====                   =======         ======
           ?mpu1_4k_init           
    -------------------------------------------------------------------------
CODE
  Segment part 4. NOT NEEDED.
           ENTRY                   ADDRESS         REF BY
           =====                   =======         ======
           ?mpu1_8k_init           
    -------------------------------------------------------------------------
CODE
  Segment part 5. NOT NEEDED.
           ENTRY                   ADDRESS         REF BY
           =====                   =======         ======
           ?mpu1_16k_init          
    -------------------------------------------------------------------------
CODE
  Segment part 6. NOT NEEDED.
           ENTRY                   ADDRESS         REF BY
           =====                   =======         ======
           ?mpu2_init              
    -------------------------------------------------------------------------
MPU_B1
  Segment part 7. NOT NEEDED.
    -------------------------------------------------------------------------
MPU_B2
  Segment part 8. NOT NEEDED.
    -------------------------------------------------------------------------
MPU_B1
  Segment part 9. NOT NEEDED.
    -------------------------------------------------------------------------
MPU_B2
  Segment part 10. NOT NEEDED.
    -------------------------------------------------------------------------
MPU_B1
  Segment part 11. NOT NEEDED.
    -------------------------------------------------------------------------
MPU_B2
  Segment part 12. NOT NEEDED.
    -------------------------------------------------------------------------
MPU_B1
  Segment part 13. NOT NEEDED.
    -------------------------------------------------------------------------
MPU_B2
  Segment part 14. NOT NEEDED.
    -------------------------------------------------------------------------
CODE_PAD
  Segment part 15. NOT NEEDED.

    -------------------------------------------------------------------------
  LIBRARY MODULE, NAME : ?setjmp

  SEGMENTS IN THE MODULE
  ======================
CODE
  Segment part 0. NOT NEEDED.
           ENTRY                   ADDRESS         REF BY
           =====                   =======         ======
           setjmp                  
    -------------------------------------------------------------------------
CODE
  Segment part 1. NOT NEEDED.
           ENTRY                   ADDRESS         REF BY
           =====                   =======         ======
           ?setjmp_r5              
    -------------------------------------------------------------------------
CODE
  Segment part 2. NOT NEEDED.
           ENTRY                   ADDRESS         REF BY
           =====                   =======         ======
           ?setjmp_r4              
    -------------------------------------------------------------------------
CODE
  Segment part 3. NOT NEEDED.
           ENTRY                   ADDRESS         REF BY
           =====                   =======         ======
           ?setjmp_end             

    -------------------------------------------------------------------------
  LIBRARY MODULE, NAME : ?longjmp

  SEGMENTS IN THE MODULE
  ======================
CODE
  Segment part 0. NOT NEEDED.
           ENTRY                   ADDRESS         REF BY
           =====                   =======         ======
           longjmp                 
    -------------------------------------------------------------------------
CODE
  Segment part 1. NOT NEEDED.
           ENTRY                   ADDRESS         REF BY
           =====                   =======         ======
           ?longjmp_r5             
    -------------------------------------------------------------------------
CODE
  Segment part 2. NOT NEEDED.
           ENTRY                   ADDRESS         REF BY
           =====                   =======         ======
           ?longjmp_r4             
    -------------------------------------------------------------------------
CODE
  Segment part 3. NOT NEEDED.
           ENTRY                   ADDRESS         REF BY
           =====                   =======         ======
           ?longjmp_end            

    -------------------------------------------------------------------------
  LIBRARY MODULE, NAME : ?SwitchKey8

  SEGMENTS IN THE MODULE
  ======================
CODE
  Segment part 0. NOT NEEDED.
           ENTRY                   ADDRESS         REF BY
           =====                   =======         ======
           ?SwitchKey8             

    -------------------------------------------------------------------------
  LIBRARY MODULE, NAME : ?xcloseall

  SEGMENTS IN THE MODULE
  ======================
CODE
  Segment part 2. NOT NEEDED.
           ENTRY                   ADDRESS         REF BY
           =====                   =======         ======
           _Close_all              
               calls direct
    -------------------------------------------------------------------------
CSTACK
  Segment part 1. NOT NEEDED.

    -------------------------------------------------------------------------
  LIBRARY MODULE, NAME : ?xgetmemchunk

  SEGMENTS IN THE MODULE
  ======================
CODE
  Segment part 3. NOT NEEDED.
           ENTRY                   ADDRESS         REF BY
           =====                   =======         ======
           __data16_GetMemChunk    
    -------------------------------------------------------------------------
DATA16_Z
  Segment part 2. NOT NEEDED.
    -------------------------------------------------------------------------
CSTACK
  Segment part 1. NOT NEEDED.
    -------------------------------------------------------------------------
DATA16_HEAP
  Segment part 4. NOT NEEDED.

    -------------------------------------------------------------------------
  LIBRARY MODULE, NAME : ?xxmemxfree

  SEGMENTS IN THE MODULE
  ======================
CODE
  Segment part 2. NOT NEEDED.
           ENTRY                   ADDRESS         REF BY
           =====                   =======         ======
           __data16_free           
    -------------------------------------------------------------------------
CSTACK
  Segment part 1. NOT NEEDED.

    -------------------------------------------------------------------------
  LIBRARY MODULE, NAME : ?xxmemxmalloc

  SEGMENTS IN THE MODULE
  ======================
DATA16_Z
  Segment part 2. NOT NEEDED.
           ENTRY                   ADDRESS         REF BY
           =====                   =======         ======
           __data16_Aldata         
    -------------------------------------------------------------------------
CODE
  Segment part 3. NOT NEEDED.
           LOCAL                   ADDRESS         
           =====                   =======         
           __data16_findmem        
               calls direct
    -------------------------------------------------------------------------
CODE
  Segment part 4. NOT NEEDED.
           ENTRY                   ADDRESS         REF BY
           =====                   =======         ======
           __data16_malloc         
               calls direct
    -------------------------------------------------------------------------
CSTACK
  Segment part 1. NOT NEEDED.




                ****************************************
                *                                      *
                *            MODULE SUMMARY            *
                *                                      *
                ****************************************

Module                         CODE      DATA      CONST
------                         ----      ----      -----
                              (Rel)  (Rel)  (Abs)  (Rel)
?DivMod32s                       64
?DivMod32u                       56
?DivMod816u                      28
?Epilogue                        18
?Mul816                          46
?__dbg_break                      2
?__exit                          18
?_exit                            4
?cstart                          40
?exit                             4
?memcpy                          18
?memset                          18
?memzero                         20
?reset_vector                     2
ADC10                           148      8      9
PacketUtil                      920    250      1     16
TI_MSPBoot_Mgr_Vectors_G2553     22      3            48
ads1292                         510     11      9     10
  + shared                                      7
main                          1 218     13      1     80
  + shared                                      5
rf                              382     73      7      1
subroutine                      268            13
  + shared                                      2
N/A (command line)                      80
N/A (alignment)
------                        -----    ---     --    ---
Total:                        3 806    438     54    155


                ****************************************
                *                                      *
                *      SEGMENTS IN ADDRESS ORDER       *
                *                                      *
                ****************************************


SEGMENT              SPACE    START ADDRESS   END ADDRESS     SIZE  TYPE  ALIGN
=======              =====    =============   ===========     ====  ====  =====
DATA16_AN                              0001 - 0003               3   rel    0
                                       0019 - 001B               3 
                                       001D - 001E               2 
                                       0020 - 002A               B 
                                       002E - 002F               2 
                                       0049 - 004A               2 
                                       0053 - 0053               1 
                                       0056 - 0058               3 
                                       0061 - 0064               4 
                                       0066 - 006B               6 
                                       006D - 006F               3 
                                       0120 - 0121               2 
                                       0160 - 0161               2 
                                       0172 - 0173               2 
                                       01B0 - 01B3               4 
                                       01BC - 01BD               2 
RAM_PASSWORD                           0200 - 0201               2   rel    1
RAM_STATCTRL                           0202 - 0202               1   rel    0
DATA16_I                               0206 - 021A              15   rel    1
DATA16_Z                               021C - 0369             14E   rel    1
CSTACK                                 05B0 - 05FF              50   rel    1
DATA16_AN                              10F8 - 10F9               2   rel    0
DATA16_C                               8003 - 8058              56   rel    0
DATA16_ID                              805A - 806E              15   rel    1
CSTART                                 8070 - 8097              28   rel    1
<CODE> 1                               8098 - 8F4B             EB4   rel    1
APP_PROXY_VECTORS                      F9CE - F9FD              30   rel    1
RESET                                  F9FE - F9FF               2   rel    1

                ****************************************
                *                                      *
                *        END OF CROSS REFERENCE        *
                *                                      *
                ****************************************

 3 806 bytes of CODE  memory
   438 bytes of DATA  memory (+ 54 absolute )
   155 bytes of CONST memory

Errors: none
Warnings: none

