################################################################################
#                                                                              #
#      IAR Universal Linker V6.5.1.95                                          #
#                                                                              #
#           Link time     =  12/Jul/2018  12:23:09                             #
#           Target CPU    =  MSP430                                            #
#           List file     =  C:\Users\Alex\IarBootloader\BootloaderFirmware\Ta #
#                            rget\G2553_UART\IAR\App1_MSPBoot\BSLBased_UART\Li #
#                            st\App1_MSPBoot.map                               #
#           Output file 1 =  C:\Users\Alex\IarBootloader\BootloaderFirmware\Ta #
#                            rget\G2553_UART\IAR\App1_MSPBoot\BSLBased_UART\Ex #
#                            e\App1_MSPBoot.txt                                #
#                            Format: msp430_txt                                #
#           Output file 2 =  C:\Users\Alex\IarBootloader\BootloaderFirmware\Ta #
#                            rget\G2553_UART\IAR\App1_MSPBoot\BSLBased_UART\Ex #
#                            e\App1_MSPBoot.d43                                #
#                            Format: ubrof10                                   #
#                            UBROF version 10.0.6                              #
#                            Using library modules for C-SPY (-rt)             #
#           Command line  =  -f C:\Users\Alex\AppData\Local\Temp\EW2E9C.tmp    #
#                            (C:\Users\Alex\IarBootloader\BootloaderFirmware\T #
#                            arget\G2553_UART\IAR\App1_MSPBoot\BSLBased_UART\O #
#                            bj\main.r43                                       #
#                            C:\Users\Alex\IarBootloader\BootloaderFirmware\Ta #
#                            rget\G2553_UART\IAR\App1_MSPBoot\BSLBased_UART\Ob #
#                            j\TI_MSPBoot_Mgr_Vectors_G2553.r43                #
#                            -o                                                #
#                            C:\Users\Alex\IarBootloader\BootloaderFirmware\Ta #
#                            rget\G2553_UART\IAR\App1_MSPBoot\BSLBased_UART\Ex #
#                            e\App1_MSPBoot.d43                                #
#                            -l                                                #
#                            C:\Users\Alex\IarBootloader\BootloaderFirmware\Ta #
#                            rget\G2553_UART\IAR\App1_MSPBoot\BSLBased_UART\Li #
#                            st\App1_MSPBoot.map                               #
#                            -xmsni                                            #
#                            "-IC:\Program Files (x86)\IAR Systems\Embedded Wo #
#                            rkbench 8.0\430\LIB\"                             #
#                            -f                                                #
#                            C:\Users\Alex\IarBootloader\BootloaderFirmware\Ta #
#                            rget\G2553_UART\IAR\App1_MSPBoot\Config\lnk_msp43 #
#                            0G2553_UART_1KB_App.xcl                           #
#                            (-D_FLASH_START=8000 -D_FLASH_END=FFFF            #
#                            -D_FLASH_VECTORS_START=FFE0                       #
#                            -D_FLASH_RESET_VECTOR=FFFE -D_RAM_START=200       #
#                            -D_RAM_END=5FF -D_BOOT_Start=FA00                 #
#                            -D_BOOT_APPVECTOR_SIZE=0                          #
#                            -D_BOOT_APPVECTOR=(_FLASH_VECTORS_START-_BOOT_APP #
#                            VECTOR_SIZE)                                      #
#                            -D_BOOT_End=(_FLASH_VECTORS_START-1)              #
#                            -D_BOOT_Info_Start=1000 -D_BOOT_Info_End=10BF     #
#                            -D_AppChecksum=_FLASH_START                       #
#                            -D_AppChecksum_8=(_FLASH_START+2)                 #
#                            -D_App_Start=(_FLASH_START+3)                     #
#                            -D_App_End=(_BOOT_Start-1)                        #
#                            -D_App_Reset_Vector=(_App_End-1)                  #
#                            -D_App_Proxy_Vector_Start=(_App_Reset_Vector-30)  #
#                            -D_App_Proxy_Vector_End=(_App_Reset_Vector-1)     #
#                            -D_CRC_Size=(_App_End-_App_Start+1)               #
#                            -D_BOOT_RAM_START=_RAM_START                      #
#                            -D_RAM_PASSWORD_ADDR=_RAM_START                   #
#                            -D_RAM_STATCTRL_ADDR=(_RAM_PASSWORD_ADDR+2)       #
#                            -D_RAM_CISM_ADDR=(_RAM_STATCTRL_ADDR+1)           #
#                            -D_RAM_CICALLBACK_ADDR=(_RAM_CISM_ADDR+1)         #
#                            -D_BOOT_RAM_END=(_RAM_CICALLBACK_ADDR+1)          #
#                            -D_STACK_SIZE=50 -D_DATA16_HEAP_SIZE=0            #
#                            -D_SHARED_RAM_START=(_BOOT_RAM_END+1)             #
#                            -D_SHARED_RAM_END=_RAM_END -cmsp430               #
#                            -QCODE_I=CODE_ID                                  #
#                            -Z(DATA)RAM_PASSWORD=_RAM_PASSWORD_ADDR           #
#                            -Z(DATA)RAM_STATCTRL=_RAM_STATCTRL_ADDR           #
#                            -Z(DATA)RAM_CISM=_RAM_CISM_ADDR                   #
#                            -Z(DATA)RAM_CICALLBACK=_RAM_CICALLBACK_ADDR       #
#                            -Z(DATA)DATA16_I,DATA16_Z,DATA16_N,TLS16_I,DATA16 #
#                            _HEAP+_DATA16_HEAP_SIZE=_SHARED_RAM_START-_SHARED #
#                            _RAM_END                                          #
#                            -Z(DATA)CODE_I -Z(DATA)CSTACK+_STACK_SIZE#        #
#                            -Z(CONST)DATA16_C,DATA16_ID,TLS16_ID,DIFUNCT,CHEC #
#                            KSUM=_App_Start-_App_End                          #
#                            -Z(CONST)APP_PROXY_VECTORS=_App_Proxy_Vector_Star #
#                            t-_App_Proxy_Vector_End                           #
#                            -Z(CONST)APP16_Checksum=_AppChecksum-(_AppChecksu #
#                            m+1)                                              #
#                            -Z(CONST)APP16_Checksum_8=(_AppChecksum_8)        #
#                            -Z(CODE)CSTART,ISR_CODE,CODE_ID=_App_Start-_App_E #
#                            nd                                                #
#                            -P(CODE)CODE=_App_Start-_App_End                  #
#                            -Z(CODE)INTVEC=_App_Proxy_Vector_Start-_App_End   #
#                            -Z(CODE)RESET=_App_Reset_Vector-_App_End) -rt     #
#                            "C:\Program Files (x86)\IAR Systems\Embedded Work #
#                            bench 8.0\430\lib\dlib\dl430fn.r43"               #
#                            -e_PrintfLarge=_Printf -e_ScanfLarge=_Scanf       #
#                            -Omsp430_txt=C:\Users\Alex\IarBootloader\Bootload #
#                            erFirmware\Target\G2553_UART\IAR\App1_MSPBoot\BSL #
#                            Based_UART\Exe\App1_MSPBoot.txt                   #
#                            -s __program_start)                               #
#                                                                              #
#                           Copyright (C) 1987-2016 IAR Systems AB.            #
################################################################################





                ****************************************
                *                                      *
                *           CROSS REFERENCE            *
                *                                      *
                ****************************************

       Program entry at :           8004  Relocatable, from module : ?cstart




                ****************************************
                *                                      *
                *            RUNTIME MODEL             *
                *                                      *
                ****************************************

  __Heap_Handler             = Basic
  __SystemLibrary            = DLib
  __core                     = 430
  __dlib_file_descriptor     = 0
  __dlib_full_locale_support = 0
  __double_size              = 32
  __pic                      = no
  __reg_r4                   = free
  __reg_r5                   = free
  __rt_version               = 3

                ****************************************
                *                                      *
                *    AUTOMATIC SYMBOL REDIRECTIONS     *
                *                                      *
                ****************************************

                  There are no automatic symbol redirections.



                ****************************************
                *                                      *
                *              MODULE MAP              *
                *                                      *
                ****************************************


  DEFINED ABSOLUTE ENTRIES
    *************************************************************************

  DEFINED ABSOLUTE ENTRIES
  PROGRAM MODULE, NAME : ?ABS_ENTRY_MOD

Absolute parts
           ENTRY                   ADDRESS         REF BY
           =====                   =======         ======
           _SHARED_RAM_END         05FF 
           _SHARED_RAM_START       0206 
           _DATA16_HEAP_SIZE       0000 
           _STACK_SIZE             0050 
           _BOOT_RAM_END           0205 
           _RAM_CICALLBACK_ADDR    0204 
           _RAM_CISM_ADDR          0203 
           _RAM_STATCTRL_ADDR      0202 
           _RAM_PASSWORD_ADDR      0200 
           _BOOT_RAM_START         0200 
           _CRC_Size               79FD 
           _App_Proxy_Vector_End   F9FD 
           _App_Proxy_Vector_Start
                                   F9CE 
           _App_Reset_Vector       F9FE 
           _App_End                F9FF 
           _App_Start              8003 
           _AppChecksum_8          8002 
           _AppChecksum            8000 
           _BOOT_Info_End          10BF 
           _BOOT_Info_Start        1000 
           _BOOT_End               FFDF 
           _BOOT_APPVECTOR         FFE0 
           _BOOT_APPVECTOR_SIZE    0000 
           _BOOT_Start             FA00 
           _RAM_END                05FF 
           _RAM_START              0200 
           _FLASH_RESET_VECTOR     FFFE 
           _FLASH_VECTORS_START    FFE0 
           _FLASH_END              FFFF 
           _FLASH_START            8000 
    *************************************************************************

  FILE NAME : C:\Users\Alex\IarBootloader\BootloaderFirmware\Target\G2553_UART\IAR\App1_MSPBoot\BSLBased_UART\Obj\main.r43
  PROGRAM MODULE, NAME : main

  SEGMENTS IN THE MODULE
  ======================
DATA16_AN
  Relative segment, address: 0002 - 0002 (0x1 bytes), align: 0
  Segment part 1. ROOT        Intra module refs:   main
           ENTRY                   ADDRESS         REF BY
           =====                   =======         ======
           IFG1                    0002 
    -------------------------------------------------------------------------
DATA16_AN
  Relative segment, address: 0056 - 0056 (0x1 bytes), align: 0
  Segment part 2. ROOT        Intra module refs:   main
           ENTRY                   ADDRESS         REF BY
           =====                   =======         ======
           DCOCTL                  0056 
    -------------------------------------------------------------------------
DATA16_AN
  Relative segment, address: 0057 - 0057 (0x1 bytes), align: 0
  Segment part 3. ROOT        Intra module refs:   main
           ENTRY                   ADDRESS         REF BY
           =====                   =======         ======
           BCSCTL1                 0057 
    -------------------------------------------------------------------------
DATA16_AN
  Relative segment, address: 0058 - 0058 (0x1 bytes), align: 0
  Segment part 4. ROOT        Intra module refs:   main
           ENTRY                   ADDRESS         REF BY
           =====                   =======         ======
           BCSCTL2                 0058 
    -------------------------------------------------------------------------
DATA16_AN
  Relative segment, address: 0053 - 0053 (0x1 bytes), align: 0
  Segment part 5. ROOT        Intra module refs:   main
           ENTRY                   ADDRESS         REF BY
           =====                   =======         ======
           BCSCTL3                 0053 
    -------------------------------------------------------------------------
DATA16_AN
  Relative segment, address: 0021 - 0021 (0x1 bytes), align: 0
  Segment part 6. ROOT        Intra module refs:   Timer_A
                                                   main
           ENTRY                   ADDRESS         REF BY
           =====                   =======         ======
           P1OUT                   0021 
    -------------------------------------------------------------------------
DATA16_AN
  Relative segment, address: 0022 - 0022 (0x1 bytes), align: 0
  Segment part 7. ROOT        Intra module refs:   main
           ENTRY                   ADDRESS         REF BY
           =====                   =======         ======
           P1DIR                   0022 
    -------------------------------------------------------------------------
DATA16_AN
  Relative segment, address: 0026 - 0026 (0x1 bytes), align: 0
  Segment part 8. ROOT        Intra module refs:   main
           ENTRY                   ADDRESS         REF BY
           =====                   =======         ======
           P1SEL                   0026 
    -------------------------------------------------------------------------
DATA16_AN
  Relative segment, address: 0160 - 0161 (0x2 bytes), align: 0
  Segment part 9. ROOT        Intra module refs:   Timer_A
                                                   main
           ENTRY                   ADDRESS         REF BY
           =====                   =======         ======
           TACTL                   0160 
    -------------------------------------------------------------------------
DATA16_AN
  Relative segment, address: 0172 - 0173 (0x2 bytes), align: 0
  Segment part 10. ROOT       Intra module refs:   main
           ENTRY                   ADDRESS         REF BY
           =====                   =======         ======
           TACCR0                  0172 
    -------------------------------------------------------------------------
DATA16_AN
  Relative segment, address: 0120 - 0121 (0x2 bytes), align: 0
  Segment part 11. ROOT       Intra module refs:   TI_MSPBoot_JumpToBoot (TI_MSPBoot_Mgr_Vectors_G2553)
                                                   main
           ENTRY                   ADDRESS         REF BY
           =====                   =======         ======
           WDTCTL                  0120 
    -------------------------------------------------------------------------
DATA16_AN
  Relative segment, address: 10F8 - 10F8 (0x1 bytes), align: 0
  Segment part 12. ROOT       Intra module refs:   main
           ENTRY                   ADDRESS         REF BY
           =====                   =======         ======
           CALDCO_16MHZ            10F8 
    -------------------------------------------------------------------------
DATA16_AN
  Relative segment, address: 10F9 - 10F9 (0x1 bytes), align: 0
  Segment part 13. ROOT       Intra module refs:   main
           ENTRY                   ADDRESS         REF BY
           =====                   =======         ======
           CALBC1_16MHZ            10F9 
    -------------------------------------------------------------------------
DATA16_Z
  Relative segment, address: 0206 - 0206 (0x1 bytes), align: 0
  Segment part 15.            Intra module refs:   Timer_A
           ENTRY                   ADDRESS         REF BY
           =====                   =======         ======
           goToBootCounter         0206 
    -------------------------------------------------------------------------
<CODE> 1 (was CODE)
  Relative segment, address: 801C - 80C7 (0xac bytes), align: 1
  Segment part 16.
           ENTRY                   ADDRESS         REF BY
           =====                   =======         ======
           main                    801C            Segment part 19 (?cstart)
    -------------------------------------------------------------------------
<CODE> 1 (was CODE)
  Relative segment, address: 80C8 - 80F7 (0x30 bytes), align: 1
  Segment part 17.
           ENTRY                   ADDRESS         REF BY
           =====                   =======         ======
           Timer_A                 80C8            ProxyVectorTable (TI_MSPBoot_Mgr_Vectors_G2553)
               interrupt function
               calls direct
    -------------------------------------------------------------------------
<CODE> 1 (was CODE)
  Relative segment, address: 813A - 813B (0x2 bytes), align: 1
  Segment part 18.
           ENTRY                   ADDRESS         REF BY
           =====                   =======         ======
           Dummy_Isr               813A            ProxyVectorTable (TI_MSPBoot_Mgr_Vectors_G2553)
               interrupt function
    -------------------------------------------------------------------------
CSTACK
  Segment part 14. NOT NEEDED.
    -------------------------------------------------------------------------
CODE
  Segment part 19. NOT NEEDED.
           ENTRY                   ADDRESS         REF BY
           =====                   =======         ======
           ?setjmp_save_r4         
    -------------------------------------------------------------------------
CODE
  Segment part 20. NOT NEEDED.
           ENTRY                   ADDRESS         REF BY
           =====                   =======         ======
           ?setjmp_save_r5         

    *************************************************************************

  FILE NAME : C:\Users\Alex\IarBootloader\BootloaderFirmware\Target\G2553_UART\IAR\App1_MSPBoot\BSLBased_UART\Obj\TI_MSPBoot_Mgr_Vectors_G2553.r43
  PROGRAM MODULE, NAME : TI_MSPBoot_Mgr_Vectors_G2553

  SEGMENTS IN THE MODULE
  ======================
DATA16_AN
  Segment part 1. TENTATIVE. Used definition from main
           ENTRY                   ADDRESS         REF BY
           =====                   =======         ======
           WDTCTL                  
    -------------------------------------------------------------------------
RAM_PASSWORD
  Relative segment, address: 0200 - 0201 (0x2 bytes), align: 1
  Segment part 3.             Intra module refs:   TI_MSPBoot_JumpToBoot
           ENTRY                   ADDRESS         REF BY
           =====                   =======         ======
           PassWd                  0200 
    -------------------------------------------------------------------------
RAM_STATCTRL
  Relative segment, address: 0202 - 0202 (0x1 bytes), align: 0
  Segment part 4.             Intra module refs:   TI_MSPBoot_JumpToBoot
           ENTRY                   ADDRESS         REF BY
           =====                   =======         ======
           StatCtrl                0202 
    -------------------------------------------------------------------------
<CODE> 1 (was CODE)
  Relative segment, address: 80F8 - 810D (0x16 bytes), align: 1
  Segment part 6.
           ENTRY                   ADDRESS         REF BY
           =====                   =======         ======
           TI_MSPBoot_JumpToBoot   80F8            Timer_A (main)
    -------------------------------------------------------------------------
APP_PROXY_VECTORS
  Relative segment, address: F9CE - F9FD (0x30 bytes), align: 1
  Segment part 5. ROOT 
           ENTRY                   ADDRESS         REF BY
           =====                   =======         ======
           ProxyVectorTable        F9CE 
    -------------------------------------------------------------------------
CSTACK
  Segment part 2. NOT NEEDED.
    -------------------------------------------------------------------------
CODE
  Segment part 7. TENTATIVE. Used definition from main
           ENTRY                   ADDRESS         REF BY
           =====                   =======         ======
           ?setjmp_save_r4         
    -------------------------------------------------------------------------
CODE
  Segment part 8. TENTATIVE. Used definition from main
           ENTRY                   ADDRESS         REF BY
           =====                   =======         ======
           ?setjmp_save_r5         

    *************************************************************************

  FILE NAME : C:\Program Files (x86)\IAR Systems\Embedded Workbench 8.0\430\lib\dlib\dl430fn.r43
  LIBRARY MODULE, NAME : ?abort

  SEGMENTS IN THE MODULE
  ======================
CODE
  Segment part 2. NOT NEEDED.
           ENTRY                   ADDRESS         REF BY
           =====                   =======         ======
           abort                   
               calls direct
    -------------------------------------------------------------------------
CSTACK
  Segment part 1. NOT NEEDED.

    -------------------------------------------------------------------------
  LIBRARY MODULE, NAME : ?__dbg_break

  SEGMENTS IN THE MODULE
  ======================
<CODE> 1 (was CODE)
  Relative segment, address: 8138 - 8139 (0x2 bytes), align: 1
  Segment part 2.
           ENTRY                   ADDRESS         REF BY
           =====                   =======         ======
           __DebugBreak            8138            __exit (?__exit)
    -------------------------------------------------------------------------
CSTACK
  Segment part 1. NOT NEEDED.

    -------------------------------------------------------------------------
  LIBRARY MODULE, NAME : ?__dwrite

  SEGMENTS IN THE MODULE
  ======================
CODE
  Segment part 2. NOT NEEDED.
           ENTRY                   ADDRESS         REF BY
           =====                   =======         ======
           __dwrite                
               calls direct
    -------------------------------------------------------------------------
CSTACK
  Segment part 1. NOT NEEDED.

    -------------------------------------------------------------------------
  LIBRARY MODULE, NAME : ?__exit

  SEGMENTS IN THE MODULE
  ======================
<CODE> 1 (was CODE)
  Relative segment, address: 810E - 811F (0x12 bytes), align: 1
  Segment part 2.
           ENTRY                   ADDRESS         REF BY
           =====                   =======         ======
           __exit                  810E            Segment part 6 (?_exit)
                                                   _exit (?_exit)
               calls direct
    -------------------------------------------------------------------------
CSTACK
  Segment part 1. NOT NEEDED.

    -------------------------------------------------------------------------
  LIBRARY MODULE, NAME : ?__write

  SEGMENTS IN THE MODULE
  ======================
CODE
  Segment part 2. NOT NEEDED.
           ENTRY                   ADDRESS         REF BY
           =====                   =======         ======
           __write                 
               calls direct
    -------------------------------------------------------------------------
CSTACK
  Segment part 1. NOT NEEDED.

    -------------------------------------------------------------------------
  LIBRARY MODULE, NAME : ?_exit

  SEGMENTS IN THE MODULE
  ======================
<CODE> 1 (was CODE)
  Relative segment, address: 8130, align: 1
  Segment part 0.
           ENTRY                   ADDRESS         REF BY
           =====                   =======         ======
           _exit                   8130            exit (?exit)
    -------------------------------------------------------------------------
CODE
  Segment part 1. NOT NEEDED.
    -------------------------------------------------------------------------
CODE
  Segment part 2. NOT NEEDED.
           ENTRY                   ADDRESS         REF BY
           =====                   =======         ======
           __cstart_call_dtors     
    -------------------------------------------------------------------------
CODE
  Segment part 3. NOT NEEDED.
           ENTRY                   ADDRESS         REF BY
           =====                   =======         ======
           __cstart_closeall       
    -------------------------------------------------------------------------
CODE
  Segment part 4. NOT NEEDED.
           ENTRY                   ADDRESS         REF BY
           =====                   =======         ======
           __cstart_clearlocks     
    -------------------------------------------------------------------------
CODE
  Segment part 5. NOT NEEDED.
    -------------------------------------------------------------------------
<CODE> 1 (was CODE)
  Relative segment, address: 8130 - 8133 (0x4 bytes), align: 1
  Segment part 6.             Intra module refs:   _exit

    -------------------------------------------------------------------------
  LIBRARY MODULE, NAME : ?cppinit

  SEGMENTS IN THE MODULE
  ======================
CODE
  Segment part 3. NOT NEEDED.
           ENTRY                   ADDRESS         REF BY
           =====                   =======         ======
           __call_ctors            
               calls direct and indirect
    -------------------------------------------------------------------------
CODE
  Segment part 5. NOT NEEDED.
           ENTRY                   ADDRESS         REF BY
           =====                   =======         ======
           __alloc_record_needed_destruction
                                   
               calls direct
    -------------------------------------------------------------------------
DATA16_Z
  Segment part 2. NOT NEEDED.
    -------------------------------------------------------------------------
CODE
  Segment part 4. NOT NEEDED.
           ENTRY                   ADDRESS         REF BY
           =====                   =======         ======
           __record_needed_destruction
                                   
               calls direct
    -------------------------------------------------------------------------
CODE
  Segment part 6. NOT NEEDED.
           ENTRY                   ADDRESS         REF BY
           =====                   =======         ======
           __call_dtors            
               calls indirect
    -------------------------------------------------------------------------
CODE
  Segment part 7. NOT NEEDED.
           ENTRY                   ADDRESS         REF BY
           =====                   =======         ======
           __data16_vec_cctor      
               calls direct and indirect
    -------------------------------------------------------------------------
CSTACK
  Segment part 1. NOT NEEDED.

    -------------------------------------------------------------------------
  LIBRARY MODULE, NAME : ?cstart

  SEGMENTS IN THE MODULE
  ======================
HEAP
  Segment part 0. NOT NEEDED.
    -------------------------------------------------------------------------
CSTACK
  Relative segment, address: 05B0, align: 1
  Segment part 1.
    -------------------------------------------------------------------------
DATA16_Z
  Relative segment, address: 0206, align: 1
  Segment part 2.
    -------------------------------------------------------------------------
DATA16_I
  Segment part 3. NOT NEEDED.
    -------------------------------------------------------------------------
DATA16_ID
  Segment part 4. NOT NEEDED.
    -------------------------------------------------------------------------
CODE_I
  Segment part 5. NOT NEEDED.
    -------------------------------------------------------------------------
CODE_ID
  Segment part 6. NOT NEEDED.
    -------------------------------------------------------------------------
TLS16_I
  Segment part 7. NOT NEEDED.
    -------------------------------------------------------------------------
TLS16_ID
  Segment part 8. NOT NEEDED.
    -------------------------------------------------------------------------
CSTART
  Relative segment, address: 8004 - 8007 (0x4 bytes), align: 1
  Segment part 9.
           ENTRY                   ADDRESS         REF BY
           =====                   =======         ======
           __program_start         8004            ?reset_vector (?reset_vector)
                                                   Absolute parts (?ABS_ENTRY_MOD)
           ?cstart_begin           8004 
    -------------------------------------------------------------------------
CSTART
  Segment part 10. NOT NEEDED.
           ENTRY                   ADDRESS         REF BY
           =====                   =======         ======
           ?cstart_call_mpu_init   
    -------------------------------------------------------------------------
CSTART
  Segment part 11. NOT NEEDED.
           ENTRY                   ADDRESS         REF BY
           =====                   =======         ======
           ?cstart_call_frwp_init
                                   
    -------------------------------------------------------------------------
CSTART
  Segment part 12. NOT NEEDED.
           ENTRY                   ADDRESS         REF BY
           =====                   =======         ======
           ?cstart_call_low_level_init
                                   
    -------------------------------------------------------------------------
CSTART
  Segment part 13. NOT NEEDED.
           ENTRY                   ADDRESS         REF BY
           =====                   =======         ======
           ?cstart_init_copy_ramfunc
                                   
    -------------------------------------------------------------------------
CSTART
  Relative segment, address: 8008 - 8013 (0xc bytes), align: 1
  Segment part 14.
           ENTRY                   ADDRESS         REF BY
           =====                   =======         ======
           ?cstart_init_zero       8008            goToBootCounter (main)
    -------------------------------------------------------------------------
CSTART
  Segment part 15. NOT NEEDED.
           ENTRY                   ADDRESS         REF BY
           =====                   =======         ======
           ?cstart_init_copy       
    -------------------------------------------------------------------------
CSTART
  Segment part 16. NOT NEEDED.
           ENTRY                   ADDRESS         REF BY
           =====                   =======         ======
           __cstart_init_tls       
    -------------------------------------------------------------------------
DIFUNCT
  Segment part 17. NOT NEEDED.
    -------------------------------------------------------------------------
CSTART
  Segment part 18. NOT NEEDED.
           ENTRY                   ADDRESS         REF BY
           =====                   =======         ======
           ?cstart_call_ctors      
    -------------------------------------------------------------------------
CSTART
  Relative segment, address: 8014 - 801B (0x8 bytes), align: 1
  Segment part 19.            Intra module refs:   Segment part 9
           ENTRY                   ADDRESS         REF BY
           =====                   =======         ======
           ?cstart_call_main       8014 
           ?cstart_end             801C 
    -------------------------------------------------------------------------
CODE_ID
  Segment part 20. NOT NEEDED.

    -------------------------------------------------------------------------
  LIBRARY MODULE, NAME : lowinit

  SEGMENTS IN THE MODULE
  ======================
CODE
  Segment part 0. NOT NEEDED.
           ENTRY                   ADDRESS         REF BY
           =====                   =======         ======
           __low_level_init        

    -------------------------------------------------------------------------
  LIBRARY MODULE, NAME : ?reset_vector

  SEGMENTS IN THE MODULE
  ======================
RESET
  Relative segment, address: F9FE - F9FF (0x2 bytes), align: 1
  Segment part 0.
           ENTRY                   ADDRESS         REF BY
           =====                   =======         ======
           ?reset_vector           F9FE            Segment part 9 (?cstart)

    -------------------------------------------------------------------------
  LIBRARY MODULE, NAME : ?Epilogue

  SEGMENTS IN THE MODULE
  ======================
CODE
  Segment part 0. NOT NEEDED.
           ENTRY                   ADDRESS         REF BY
           =====                   =======         ======
           ?Epilogue8              
    -------------------------------------------------------------------------
CODE
  Segment part 1. NOT NEEDED.
           ENTRY                   ADDRESS         REF BY
           =====                   =======         ======
           ?Epilogue7              
    -------------------------------------------------------------------------
CODE
  Segment part 2. NOT NEEDED.
           ENTRY                   ADDRESS         REF BY
           =====                   =======         ======
           ?Epilogue6              
    -------------------------------------------------------------------------
CODE
  Segment part 3. NOT NEEDED.
           ENTRY                   ADDRESS         REF BY
           =====                   =======         ======
           ?Epilogue5              
    -------------------------------------------------------------------------
CODE
  Segment part 4. NOT NEEDED.
           ENTRY                   ADDRESS         REF BY
           =====                   =======         ======
           ?Epilogue4              
    -------------------------------------------------------------------------
CODE
  Segment part 5. NOT NEEDED.
           ENTRY                   ADDRESS         REF BY
           =====                   =======         ======
           ?Epilogue3              

    -------------------------------------------------------------------------
  LIBRARY MODULE, NAME : ?exit

  SEGMENTS IN THE MODULE
  ======================
<CODE> 1 (was CODE)
  Relative segment, address: 8134 - 8137 (0x4 bytes), align: 1
  Segment part 2.
           ENTRY                   ADDRESS         REF BY
           =====                   =======         ======
           exit                    8134            Segment part 19 (?cstart)
               calls direct
    -------------------------------------------------------------------------
CSTACK
  Segment part 1. NOT NEEDED.

    -------------------------------------------------------------------------
  LIBRARY MODULE, NAME : ?FrwpInit

  SEGMENTS IN THE MODULE
  ======================
FRWP_B1
  Segment part 0. NOT NEEDED.
    -------------------------------------------------------------------------
FRWP_B2
  Segment part 1. NOT NEEDED.
    -------------------------------------------------------------------------
CODE
  Segment part 2. NOT NEEDED.
           ENTRY                   ADDRESS         REF BY
           =====                   =======         ======
           __iar_430_frwp_init     
    -------------------------------------------------------------------------
FRWP_B1
  Segment part 3. NOT NEEDED.
    -------------------------------------------------------------------------
FRWP_B2
  Segment part 4. NOT NEEDED.

    -------------------------------------------------------------------------
  LIBRARY MODULE, NAME : ?malloc

  SEGMENTS IN THE MODULE
  ======================
CODE
  Segment part 2. NOT NEEDED.
           ENTRY                   ADDRESS         REF BY
           =====                   =======         ======
           malloc                  
               calls direct
    -------------------------------------------------------------------------
CSTACK
  Segment part 1. NOT NEEDED.

    -------------------------------------------------------------------------
  LIBRARY MODULE, NAME : ?memcpy

  SEGMENTS IN THE MODULE
  ======================
CODE
  Segment part 2. NOT NEEDED.
           ENTRY                   ADDRESS         REF BY
           =====                   =======         ======
           memcpy                  
    -------------------------------------------------------------------------
CSTACK
  Segment part 1. NOT NEEDED.

    -------------------------------------------------------------------------
  LIBRARY MODULE, NAME : ?memmove

  SEGMENTS IN THE MODULE
  ======================
CODE
  Segment part 2. NOT NEEDED.
           ENTRY                   ADDRESS         REF BY
           =====                   =======         ======
           memmove                 
    -------------------------------------------------------------------------
CSTACK
  Segment part 1. NOT NEEDED.

    -------------------------------------------------------------------------
  LIBRARY MODULE, NAME : ?memzero

  SEGMENTS IN THE MODULE
  ======================
<CODE> 1 (was CODE)
  Relative segment, address: 8120 - 812F (0x10 bytes), align: 1
  Segment part 2.
           ENTRY                   ADDRESS         REF BY
           =====                   =======         ======
           __data16_memzero        8120            ?cstart_init_zero (?cstart)
    -------------------------------------------------------------------------
CODE
  Segment part 3. NOT NEEDED.
           ENTRY                   ADDRESS         REF BY
           =====                   =======         ======
           __data16_memcpy         
               calls direct
    -------------------------------------------------------------------------
CODE
  Segment part 4. NOT NEEDED.
           ENTRY                   ADDRESS         REF BY
           =====                   =======         ======
           __data16_memmove        
               calls direct
    -------------------------------------------------------------------------
CSTACK
  Segment part 1. NOT NEEDED.

    -------------------------------------------------------------------------
  LIBRARY MODULE, NAME : ?MpuInit

  SEGMENTS IN THE MODULE
  ======================
MPU_B1
  Segment part 0. NOT NEEDED.
    -------------------------------------------------------------------------
MPU_B2
  Segment part 1. NOT NEEDED.
    -------------------------------------------------------------------------
CODE
  Segment part 2. NOT NEEDED.
           ENTRY                   ADDRESS         REF BY
           =====                   =======         ======
           __iar_430_mpu_init      
    -------------------------------------------------------------------------
CODE
  Segment part 3. NOT NEEDED.
           ENTRY                   ADDRESS         REF BY
           =====                   =======         ======
           ?mpu1_4k_init           
    -------------------------------------------------------------------------
CODE
  Segment part 4. NOT NEEDED.
           ENTRY                   ADDRESS         REF BY
           =====                   =======         ======
           ?mpu1_8k_init           
    -------------------------------------------------------------------------
CODE
  Segment part 5. NOT NEEDED.
           ENTRY                   ADDRESS         REF BY
           =====                   =======         ======
           ?mpu1_16k_init          
    -------------------------------------------------------------------------
CODE
  Segment part 6. NOT NEEDED.
           ENTRY                   ADDRESS         REF BY
           =====                   =======         ======
           ?mpu2_init              
    -------------------------------------------------------------------------
MPU_B1
  Segment part 7. NOT NEEDED.
    -------------------------------------------------------------------------
MPU_B2
  Segment part 8. NOT NEEDED.
    -------------------------------------------------------------------------
MPU_B1
  Segment part 9. NOT NEEDED.
    -------------------------------------------------------------------------
MPU_B2
  Segment part 10. NOT NEEDED.
    -------------------------------------------------------------------------
MPU_B1
  Segment part 11. NOT NEEDED.
    -------------------------------------------------------------------------
MPU_B2
  Segment part 12. NOT NEEDED.
    -------------------------------------------------------------------------
MPU_B1
  Segment part 13. NOT NEEDED.
    -------------------------------------------------------------------------
MPU_B2
  Segment part 14. NOT NEEDED.
    -------------------------------------------------------------------------
CODE_PAD
  Segment part 15. NOT NEEDED.

    -------------------------------------------------------------------------
  LIBRARY MODULE, NAME : ?setjmp

  SEGMENTS IN THE MODULE
  ======================
CODE
  Segment part 0. NOT NEEDED.
           ENTRY                   ADDRESS         REF BY
           =====                   =======         ======
           setjmp                  
    -------------------------------------------------------------------------
CODE
  Segment part 1. NOT NEEDED.
           ENTRY                   ADDRESS         REF BY
           =====                   =======         ======
           ?setjmp_r5              
    -------------------------------------------------------------------------
CODE
  Segment part 2. NOT NEEDED.
           ENTRY                   ADDRESS         REF BY
           =====                   =======         ======
           ?setjmp_r4              
    -------------------------------------------------------------------------
CODE
  Segment part 3. NOT NEEDED.
           ENTRY                   ADDRESS         REF BY
           =====                   =======         ======
           ?setjmp_end             

    -------------------------------------------------------------------------
  LIBRARY MODULE, NAME : ?longjmp

  SEGMENTS IN THE MODULE
  ======================
CODE
  Segment part 0. NOT NEEDED.
           ENTRY                   ADDRESS         REF BY
           =====                   =======         ======
           longjmp                 
    -------------------------------------------------------------------------
CODE
  Segment part 1. NOT NEEDED.
           ENTRY                   ADDRESS         REF BY
           =====                   =======         ======
           ?longjmp_r5             
    -------------------------------------------------------------------------
CODE
  Segment part 2. NOT NEEDED.
           ENTRY                   ADDRESS         REF BY
           =====                   =======         ======
           ?longjmp_r4             
    -------------------------------------------------------------------------
CODE
  Segment part 3. NOT NEEDED.
           ENTRY                   ADDRESS         REF BY
           =====                   =======         ======
           ?longjmp_end            

    -------------------------------------------------------------------------
  LIBRARY MODULE, NAME : ?xcloseall

  SEGMENTS IN THE MODULE
  ======================
CODE
  Segment part 2. NOT NEEDED.
           ENTRY                   ADDRESS         REF BY
           =====                   =======         ======
           _Close_all              
               calls direct
    -------------------------------------------------------------------------
CSTACK
  Segment part 1. NOT NEEDED.

    -------------------------------------------------------------------------
  LIBRARY MODULE, NAME : ?xgetmemchunk

  SEGMENTS IN THE MODULE
  ======================
CODE
  Segment part 3. NOT NEEDED.
           ENTRY                   ADDRESS         REF BY
           =====                   =======         ======
           __data16_GetMemChunk    
    -------------------------------------------------------------------------
DATA16_Z
  Segment part 2. NOT NEEDED.
    -------------------------------------------------------------------------
CSTACK
  Segment part 1. NOT NEEDED.
    -------------------------------------------------------------------------
DATA16_HEAP
  Segment part 4. NOT NEEDED.

    -------------------------------------------------------------------------
  LIBRARY MODULE, NAME : ?xxmemxfree

  SEGMENTS IN THE MODULE
  ======================
CODE
  Segment part 2. NOT NEEDED.
           ENTRY                   ADDRESS         REF BY
           =====                   =======         ======
           __data16_free           
    -------------------------------------------------------------------------
CSTACK
  Segment part 1. NOT NEEDED.

    -------------------------------------------------------------------------
  LIBRARY MODULE, NAME : ?xxmemxmalloc

  SEGMENTS IN THE MODULE
  ======================
DATA16_Z
  Segment part 2. NOT NEEDED.
           ENTRY                   ADDRESS         REF BY
           =====                   =======         ======
           __data16_Aldata         
    -------------------------------------------------------------------------
CODE
  Segment part 3. NOT NEEDED.
           LOCAL                   ADDRESS         
           =====                   =======         
           __data16_findmem        
               calls direct
    -------------------------------------------------------------------------
CODE
  Segment part 4. NOT NEEDED.
           ENTRY                   ADDRESS         REF BY
           =====                   =======         ======
           __data16_malloc         
               calls direct
    -------------------------------------------------------------------------
CSTACK
  Segment part 1. NOT NEEDED.




                ****************************************
                *                                      *
                *            MODULE SUMMARY            *
                *                                      *
                ****************************************

Module                         CODE      DATA      CONST
------                         ----      ----      -----
                              (Rel)  (Rel)  (Abs)  (Rel)
?__dbg_break                      2
?__exit                          18
?_exit                            4
?cstart                          24
?exit                             4
?memzero                         16
?reset_vector                     2
TI_MSPBoot_Mgr_Vectors_G2553     22      3            48
main                            222      1     14
  + shared                                      2
N/A (command line)                      80
N/A (alignment)
------                          ---     --     --     --
Total:                          314     84     16     48


                ****************************************
                *                                      *
                *      SEGMENTS IN ADDRESS ORDER       *
                *                                      *
                ****************************************


SEGMENT              SPACE    START ADDRESS   END ADDRESS     SIZE  TYPE  ALIGN
=======              =====    =============   ===========     ====  ====  =====
DATA16_AN                              0002 - 0002               1   rel    0
                                       0021 - 0022               2 
                                       0026 - 0026               1 
                                       0053 - 0053               1 
                                       0056 - 0058               3 
                                       0120 - 0121               2 
                                       0160 - 0161               2 
                                       0172 - 0173               2 
RAM_PASSWORD                           0200 - 0201               2   rel    1
RAM_STATCTRL                           0202 - 0202               1   rel    0
DATA16_I                                  0206                       dse    0
DATA16_Z                               0206 - 0206               1   rel    1
CSTACK                                 05B0 - 05FF              50   rel    1
DATA16_AN                              10F8 - 10F9               2   rel    0
CSTART                                 8004 - 801B              18   rel    1
<CODE> 1                               801C - 813B             120   rel    1
APP_PROXY_VECTORS                      F9CE - F9FD              30   rel    1
RESET                                  F9FE - F9FF               2   rel    1

                ****************************************
                *                                      *
                *        END OF CROSS REFERENCE        *
                *                                      *
                ****************************************

 314 bytes of CODE  memory
  84 bytes of DATA  memory (+ 16 absolute )
  48 bytes of CONST memory

Errors: none
Warnings: none

